Archive member included to satisfy reference by file (symbol)

C:\DEV\vhd_mounts\ti\mspm0_sdk_2_10_00_04/source/ti/driverlib/lib/gcc/m0p/mspm0l11xx_l13xx\driverlib.a(dl_adc12.o)
                              obj/ti_msp_dl_config.o (DL_ADC12_setClockConfig)
C:\DEV\vhd_mounts\ti\mspm0_sdk_2_10_00_04/source/ti/driverlib/lib/gcc/m0p/mspm0l11xx_l13xx\driverlib.a(dl_common.o)
                              obj/ti_msp_dl_config.o (DL_Common_delayCycles)
C:\DEV\vhd_mounts\ti\mspm0_sdk_2_10_00_04/source/ti/driverlib/lib/gcc/m0p/mspm0l11xx_l13xx\driverlib.a(dl_flashctl.o)
                              obj/eeprom_emulation_type_b.o (DL_FlashCTL_eraseMemoryFromRAM)
C:\DEV\vhd_mounts\ti\mspm0_sdk_2_10_00_04/source/ti/driverlib/lib/gcc/m0p/mspm0l11xx_l13xx\driverlib.a(dl_i2c.o)
                              obj/ti_msp_dl_config.o (DL_I2C_setClockConfig)
C:\DEV\vhd_mounts\ti\mspm0_sdk_2_10_00_04/source/ti/driverlib/lib/gcc/m0p/mspm0l11xx_l13xx\driverlib.a(dl_spi.o)
                              obj/ti_msp_dl_config.o (DL_SPI_init)
C:\DEV\vhd_mounts\ti\mspm0_sdk_2_10_00_04/source/ti/driverlib/lib/gcc/m0p/mspm0l11xx_l13xx\driverlib.a(dl_timer.o)
                              obj/ti_msp_dl_config.o (DL_Timer_setClockConfig)
C:\DEV\vhd_mounts\ti\mspm0_sdk_2_10_00_04/source/ti/driverlib/lib/gcc/m0p/mspm0l11xx_l13xx\driverlib.a(dl_uart.o)
                              obj/ti_msp_dl_config.o (DL_UART_init)
C:/DEV/arm_gnu_toolchains/15.2.rel1/bin/../lib/gcc/arm-none-eabi/15.2.1/thumb/v6-m/nofp\libgcc.a(_udivsi3.o)
                              C:\DEV\vhd_mounts\ti\mspm0_sdk_2_10_00_04/source/ti/driverlib/lib/gcc/m0p/mspm0l11xx_l13xx\driverlib.a(dl_flashctl.o) (__aeabi_uidiv)
C:/DEV/arm_gnu_toolchains/15.2.rel1/bin/../lib/gcc/arm-none-eabi/15.2.1/thumb/v6-m/nofp\libgcc.a(_divsi3.o)
                              C:\DEV\vhd_mounts\ti\mspm0_sdk_2_10_00_04/source/ti/driverlib/lib/gcc/m0p/mspm0l11xx_l13xx\driverlib.a(dl_flashctl.o) (__aeabi_idiv)
C:/DEV/arm_gnu_toolchains/15.2.rel1/bin/../lib/gcc/arm-none-eabi/15.2.1/thumb/v6-m/nofp\libgcc.a(_dvmd_tls.o)
                              C:/DEV/arm_gnu_toolchains/15.2.rel1/bin/../lib/gcc/arm-none-eabi/15.2.1/thumb/v6-m/nofp\libgcc.a(_udivsi3.o) (__aeabi_idiv0)
C:\DEV\arm_gnu_toolchains\15.2.rel1/arm-none-eabi/lib/thumb/v6-m/nofp\libc_nano.a(libc_a-memset.o)
                              obj/ad7291_emulation.o (memset)
C:\DEV\arm_gnu_toolchains\15.2.rel1/arm-none-eabi/lib/thumb/v6-m/nofp\libc_nano.a(libc_a-init.o)
                              obj/startup_mspm0l110x_gcc.o (__libc_init_array)
C:\DEV\arm_gnu_toolchains\15.2.rel1/arm-none-eabi/lib/thumb/v6-m/nofp\libc_nano.a(libc_a-memcpy-stub.o)
                              obj/startup_mspm0l110x_gcc.o (memcpy)

Discarded input sections

 .text.EEPROM_TypeB_writeDataItem
                0x00000000       0xb8 obj/eeprom_emulation_type_b.o
 .text.EEPROM_TypeB_transferDataItem
                0x00000000      0x160 obj/eeprom_emulation_type_b.o
 .text.EEPROM_TypeB_write
                0x00000000       0x40 obj/eeprom_emulation_type_b.o
 .text.EEPROM_TypeB_readDataItem
                0x00000000       0x58 obj/eeprom_emulation_type_b.o
 .text.EEPROM_TypeB_findDataItem
                0x00000000       0x30 obj/eeprom_emulation_type_b.o
 .text.EEPROM_TypeB_checkFormat
                0x00000000      0x10c obj/eeprom_emulation_type_b.o
 .text.EEPROM_TypeB_eraseGroup
                0x00000000       0x5c obj/eeprom_emulation_type_b.o
 .text.EEPROM_TypeB_eraseNonActiveGroups
                0x00000000       0x74 obj/eeprom_emulation_type_b.o
 .text.EEPROM_TypeB_eraseAllGroups
                0x00000000       0x4c obj/eeprom_emulation_type_b.o
 .text.EEPROM_TypeB_init
                0x00000000       0x60 obj/eeprom_emulation_type_b.o
 .bss.gEEPROMTypeBEraseFlag
                0x00000000        0x1 obj/eeprom_emulation_type_b.o
 .bss.gEEPROMTypeBSearchFlag
                0x00000000        0x1 obj/eeprom_emulation_type_b.o
 .bss.gActiveDataItemNum
                0x00000000        0x2 obj/eeprom_emulation_type_b.o
 .rodata        0x00000000        0x8 obj/eeprom_emulation_type_b.o
 .text.I2CTarDriver_close
                0x00000000       0x30 obj/i2c_tar_driver.o
 .text.DL_ADC12_getClockConfig
                0x00000000       0x30 C:\DEV\vhd_mounts\ti\mspm0_sdk_2_10_00_04/source/ti/driverlib/lib/gcc/m0p/mspm0l11xx_l13xx\driverlib.a(dl_adc12.o)
 .ramfunc       0x00000000       0x34 C:\DEV\vhd_mounts\ti\mspm0_sdk_2_10_00_04/source/ti/driverlib/lib/gcc/m0p/mspm0l11xx_l13xx\driverlib.a(dl_flashctl.o)
 .text.DL_FlashCTL_eraseMemory
                0x00000000       0x18 C:\DEV\vhd_mounts\ti\mspm0_sdk_2_10_00_04/source/ti/driverlib/lib/gcc/m0p/mspm0l11xx_l13xx\driverlib.a(dl_flashctl.o)
 .text.DL_FlashCTL_eraseMemoryFromRAM
                0x00000000       0x18 C:\DEV\vhd_mounts\ti\mspm0_sdk_2_10_00_04/source/ti/driverlib/lib/gcc/m0p/mspm0l11xx_l13xx\driverlib.a(dl_flashctl.o)
 .text.DL_FlashCTL_programMemory8
                0x00000000       0x28 C:\DEV\vhd_mounts\ti\mspm0_sdk_2_10_00_04/source/ti/driverlib/lib/gcc/m0p/mspm0l11xx_l13xx\driverlib.a(dl_flashctl.o)
 .text.DL_FlashCTL_programMemoryFromRAM8
                0x00000000       0x2c C:\DEV\vhd_mounts\ti\mspm0_sdk_2_10_00_04/source/ti/driverlib/lib/gcc/m0p/mspm0l11xx_l13xx\driverlib.a(dl_flashctl.o)
 .text.DL_FlashCTL_programMemory16
                0x00000000       0x2c C:\DEV\vhd_mounts\ti\mspm0_sdk_2_10_00_04/source/ti/driverlib/lib/gcc/m0p/mspm0l11xx_l13xx\driverlib.a(dl_flashctl.o)
 .text.DL_FlashCTL_programMemoryFromRAM16
                0x00000000       0x2c C:\DEV\vhd_mounts\ti\mspm0_sdk_2_10_00_04/source/ti/driverlib/lib/gcc/m0p/mspm0l11xx_l13xx\driverlib.a(dl_flashctl.o)
 .text.DL_FlashCTL_programMemory32
                0x00000000       0x2c C:\DEV\vhd_mounts\ti\mspm0_sdk_2_10_00_04/source/ti/driverlib/lib/gcc/m0p/mspm0l11xx_l13xx\driverlib.a(dl_flashctl.o)
 .text.DL_FlashCTL_programMemoryFromRAM32
                0x00000000       0x2c C:\DEV\vhd_mounts\ti\mspm0_sdk_2_10_00_04/source/ti/driverlib/lib/gcc/m0p/mspm0l11xx_l13xx\driverlib.a(dl_flashctl.o)
 .text.DL_FlashCTL_programMemory64
                0x00000000       0x34 C:\DEV\vhd_mounts\ti\mspm0_sdk_2_10_00_04/source/ti/driverlib/lib/gcc/m0p/mspm0l11xx_l13xx\driverlib.a(dl_flashctl.o)
 .text.DL_FlashCTL_programMemoryFromRAM64
                0x00000000       0x34 C:\DEV\vhd_mounts\ti\mspm0_sdk_2_10_00_04/source/ti/driverlib/lib/gcc/m0p/mspm0l11xx_l13xx\driverlib.a(dl_flashctl.o)
 .text.DL_FlashCTL_programMemory8WithECCGenerated
                0x00000000       0x2c C:\DEV\vhd_mounts\ti\mspm0_sdk_2_10_00_04/source/ti/driverlib/lib/gcc/m0p/mspm0l11xx_l13xx\driverlib.a(dl_flashctl.o)
 .text.DL_FlashCTL_programMemoryFromRAM8WithECCGenerated
                0x00000000       0x2c C:\DEV\vhd_mounts\ti\mspm0_sdk_2_10_00_04/source/ti/driverlib/lib/gcc/m0p/mspm0l11xx_l13xx\driverlib.a(dl_flashctl.o)
 .text.DL_FlashCTL_programMemory16WithECCGenerated
                0x00000000       0x2c C:\DEV\vhd_mounts\ti\mspm0_sdk_2_10_00_04/source/ti/driverlib/lib/gcc/m0p/mspm0l11xx_l13xx\driverlib.a(dl_flashctl.o)
 .text.DL_FlashCTL_programMemoryFromRAM16WithECCGenerated
                0x00000000       0x2c C:\DEV\vhd_mounts\ti\mspm0_sdk_2_10_00_04/source/ti/driverlib/lib/gcc/m0p/mspm0l11xx_l13xx\driverlib.a(dl_flashctl.o)
 .text.DL_FlashCTL_programMemory32WithECCGenerated
                0x00000000       0x2c C:\DEV\vhd_mounts\ti\mspm0_sdk_2_10_00_04/source/ti/driverlib/lib/gcc/m0p/mspm0l11xx_l13xx\driverlib.a(dl_flashctl.o)
 .text.DL_FlashCTL_programMemoryFromRAM32WithECCGenerated
                0x00000000       0x2c C:\DEV\vhd_mounts\ti\mspm0_sdk_2_10_00_04/source/ti/driverlib/lib/gcc/m0p/mspm0l11xx_l13xx\driverlib.a(dl_flashctl.o)
 .text.DL_FlashCTL_programMemory64WithECCGenerated
                0x00000000       0x38 C:\DEV\vhd_mounts\ti\mspm0_sdk_2_10_00_04/source/ti/driverlib/lib/gcc/m0p/mspm0l11xx_l13xx\driverlib.a(dl_flashctl.o)
 .text.DL_FlashCTL_programMemoryFromRAM64WithECCGenerated
                0x00000000       0x38 C:\DEV\vhd_mounts\ti\mspm0_sdk_2_10_00_04/source/ti/driverlib/lib/gcc/m0p/mspm0l11xx_l13xx\driverlib.a(dl_flashctl.o)
 .text.DL_FlashCTL_programMemory8WithECCManual
                0x00000000       0x38 C:\DEV\vhd_mounts\ti\mspm0_sdk_2_10_00_04/source/ti/driverlib/lib/gcc/m0p/mspm0l11xx_l13xx\driverlib.a(dl_flashctl.o)
 .text.DL_FlashCTL_programMemoryFromRAM8WithECCManual
                0x00000000       0x38 C:\DEV\vhd_mounts\ti\mspm0_sdk_2_10_00_04/source/ti/driverlib/lib/gcc/m0p/mspm0l11xx_l13xx\driverlib.a(dl_flashctl.o)
 .text.DL_FlashCTL_programMemory16WithECCManual
                0x00000000       0x38 C:\DEV\vhd_mounts\ti\mspm0_sdk_2_10_00_04/source/ti/driverlib/lib/gcc/m0p/mspm0l11xx_l13xx\driverlib.a(dl_flashctl.o)
 .text.DL_FlashCTL_programMemoryFromRAM16WithECCManual
                0x00000000       0x38 C:\DEV\vhd_mounts\ti\mspm0_sdk_2_10_00_04/source/ti/driverlib/lib/gcc/m0p/mspm0l11xx_l13xx\driverlib.a(dl_flashctl.o)
 .text.DL_FlashCTL_programMemory32WithECCManual
                0x00000000       0x38 C:\DEV\vhd_mounts\ti\mspm0_sdk_2_10_00_04/source/ti/driverlib/lib/gcc/m0p/mspm0l11xx_l13xx\driverlib.a(dl_flashctl.o)
 .text.DL_FlashCTL_programMemoryFromRAM32WithECCManual
                0x00000000       0x38 C:\DEV\vhd_mounts\ti\mspm0_sdk_2_10_00_04/source/ti/driverlib/lib/gcc/m0p/mspm0l11xx_l13xx\driverlib.a(dl_flashctl.o)
 .text.DL_FlashCTL_programMemory64WithECCManual
                0x00000000       0x44 C:\DEV\vhd_mounts\ti\mspm0_sdk_2_10_00_04/source/ti/driverlib/lib/gcc/m0p/mspm0l11xx_l13xx\driverlib.a(dl_flashctl.o)
 .text.DL_FlashCTL_programMemoryFromRAM64WithECCManual
                0x00000000       0x44 C:\DEV\vhd_mounts\ti\mspm0_sdk_2_10_00_04/source/ti/driverlib/lib/gcc/m0p/mspm0l11xx_l13xx\driverlib.a(dl_flashctl.o)
 .text.DL_FlashCTL_unprotectMainMemory
                0x00000000       0x1c C:\DEV\vhd_mounts\ti\mspm0_sdk_2_10_00_04/source/ti/driverlib/lib/gcc/m0p/mspm0l11xx_l13xx\driverlib.a(dl_flashctl.o)
 .text.DL_FlashCTL_unprotectDataMemory
                0x00000000       0x1c C:\DEV\vhd_mounts\ti\mspm0_sdk_2_10_00_04/source/ti/driverlib/lib/gcc/m0p/mspm0l11xx_l13xx\driverlib.a(dl_flashctl.o)
 .text.DL_FlashCTL_protectMainMemory
                0x00000000       0x20 C:\DEV\vhd_mounts\ti\mspm0_sdk_2_10_00_04/source/ti/driverlib/lib/gcc/m0p/mspm0l11xx_l13xx\driverlib.a(dl_flashctl.o)
 .text.DL_FlashCTL_unprotectNonMainMemory
                0x00000000        0xc C:\DEV\vhd_mounts\ti\mspm0_sdk_2_10_00_04/source/ti/driverlib/lib/gcc/m0p/mspm0l11xx_l13xx\driverlib.a(dl_flashctl.o)
 .text.DL_FlashCTL_protectNonMainMemory
                0x00000000       0x10 C:\DEV\vhd_mounts\ti\mspm0_sdk_2_10_00_04/source/ti/driverlib/lib/gcc/m0p/mspm0l11xx_l13xx\driverlib.a(dl_flashctl.o)
 .text.DL_FlashCTL_unprotectAllMemory
                0x00000000       0x34 C:\DEV\vhd_mounts\ti\mspm0_sdk_2_10_00_04/source/ti/driverlib/lib/gcc/m0p/mspm0l11xx_l13xx\driverlib.a(dl_flashctl.o)
 .text.DL_FlashCTL_protectAllMemory
                0x00000000       0x38 C:\DEV\vhd_mounts\ti\mspm0_sdk_2_10_00_04/source/ti/driverlib/lib/gcc/m0p/mspm0l11xx_l13xx\driverlib.a(dl_flashctl.o)
 .text.DL_FlashCTL_unprotectSector
                0x00000000      0x128 C:\DEV\vhd_mounts\ti\mspm0_sdk_2_10_00_04/source/ti/driverlib/lib/gcc/m0p/mspm0l11xx_l13xx\driverlib.a(dl_flashctl.o)
 .text.DL_FlashCTL_programMemoryBlocking64WithECCGenerated
                0x00000000       0xd0 C:\DEV\vhd_mounts\ti\mspm0_sdk_2_10_00_04/source/ti/driverlib/lib/gcc/m0p/mspm0l11xx_l13xx\driverlib.a(dl_flashctl.o)
 .text.DL_FlashCTL_programMemoryBlockingFromRAM64WithECCGenerated
                0x00000000       0xb0 C:\DEV\vhd_mounts\ti\mspm0_sdk_2_10_00_04/source/ti/driverlib/lib/gcc/m0p/mspm0l11xx_l13xx\driverlib.a(dl_flashctl.o)
 .text.DL_FlashCTL_programMemoryBlocking64WithECCManual
                0x00000000       0xdc C:\DEV\vhd_mounts\ti\mspm0_sdk_2_10_00_04/source/ti/driverlib/lib/gcc/m0p/mspm0l11xx_l13xx\driverlib.a(dl_flashctl.o)
 .text.DL_FlashCTL_programMemoryBlockingFromRAM64WithECCManual
                0x00000000       0xcc C:\DEV\vhd_mounts\ti\mspm0_sdk_2_10_00_04/source/ti/driverlib/lib/gcc/m0p/mspm0l11xx_l13xx\driverlib.a(dl_flashctl.o)
 .text.DL_FlashCTL_programMemoryBlocking
                0x00000000       0xe4 C:\DEV\vhd_mounts\ti\mspm0_sdk_2_10_00_04/source/ti/driverlib/lib/gcc/m0p/mspm0l11xx_l13xx\driverlib.a(dl_flashctl.o)
 .text.DL_FlashCTL_programMemoryFromRAM
                0x00000000       0xac C:\DEV\vhd_mounts\ti\mspm0_sdk_2_10_00_04/source/ti/driverlib/lib/gcc/m0p/mspm0l11xx_l13xx\driverlib.a(dl_flashctl.o)
 .text.DL_FlashCTL_protectSector
                0x00000000      0x12c C:\DEV\vhd_mounts\ti\mspm0_sdk_2_10_00_04/source/ti/driverlib/lib/gcc/m0p/mspm0l11xx_l13xx\driverlib.a(dl_flashctl.o)
 .text.DL_FlashCTL_readVerify8
                0x00000000       0x2c C:\DEV\vhd_mounts\ti\mspm0_sdk_2_10_00_04/source/ti/driverlib/lib/gcc/m0p/mspm0l11xx_l13xx\driverlib.a(dl_flashctl.o)
 .text.DL_FlashCTL_readVerify16
                0x00000000       0x2c C:\DEV\vhd_mounts\ti\mspm0_sdk_2_10_00_04/source/ti/driverlib/lib/gcc/m0p/mspm0l11xx_l13xx\driverlib.a(dl_flashctl.o)
 .text.DL_FlashCTL_readVerify32
                0x00000000       0x2c C:\DEV\vhd_mounts\ti\mspm0_sdk_2_10_00_04/source/ti/driverlib/lib/gcc/m0p/mspm0l11xx_l13xx\driverlib.a(dl_flashctl.o)
 .text.DL_FlashCTL_readVerify64
                0x00000000       0x38 C:\DEV\vhd_mounts\ti\mspm0_sdk_2_10_00_04/source/ti/driverlib/lib/gcc/m0p/mspm0l11xx_l13xx\driverlib.a(dl_flashctl.o)
 .text.DL_FlashCTL_readVerifyFromRAM8
                0x00000000       0x2c C:\DEV\vhd_mounts\ti\mspm0_sdk_2_10_00_04/source/ti/driverlib/lib/gcc/m0p/mspm0l11xx_l13xx\driverlib.a(dl_flashctl.o)
 .text.DL_FlashCTL_readVerifyFromRAM16
                0x00000000       0x2c C:\DEV\vhd_mounts\ti\mspm0_sdk_2_10_00_04/source/ti/driverlib/lib/gcc/m0p/mspm0l11xx_l13xx\driverlib.a(dl_flashctl.o)
 .text.DL_FlashCTL_readVerifyFromRAM32
                0x00000000       0x2c C:\DEV\vhd_mounts\ti\mspm0_sdk_2_10_00_04/source/ti/driverlib/lib/gcc/m0p/mspm0l11xx_l13xx\driverlib.a(dl_flashctl.o)
 .text.DL_FlashCTL_readVerifyFromRAM64
                0x00000000       0x34 C:\DEV\vhd_mounts\ti\mspm0_sdk_2_10_00_04/source/ti/driverlib/lib/gcc/m0p/mspm0l11xx_l13xx\driverlib.a(dl_flashctl.o)
 .text.DL_FlashCTL_readVerifyFromRAM8WithECCGenerated
                0x00000000       0x2c C:\DEV\vhd_mounts\ti\mspm0_sdk_2_10_00_04/source/ti/driverlib/lib/gcc/m0p/mspm0l11xx_l13xx\driverlib.a(dl_flashctl.o)
 .text.DL_FlashCTL_readVerifyFromRAM16WithECCGenerated
                0x00000000       0x2c C:\DEV\vhd_mounts\ti\mspm0_sdk_2_10_00_04/source/ti/driverlib/lib/gcc/m0p/mspm0l11xx_l13xx\driverlib.a(dl_flashctl.o)
 .text.DL_FlashCTL_readVerifyFromRAM32WithECCGenerated
                0x00000000       0x2c C:\DEV\vhd_mounts\ti\mspm0_sdk_2_10_00_04/source/ti/driverlib/lib/gcc/m0p/mspm0l11xx_l13xx\driverlib.a(dl_flashctl.o)
 .text.DL_FlashCTL_readVerifyFromRAM64WithECCGenerated
                0x00000000       0x38 C:\DEV\vhd_mounts\ti\mspm0_sdk_2_10_00_04/source/ti/driverlib/lib/gcc/m0p/mspm0l11xx_l13xx\driverlib.a(dl_flashctl.o)
 .text.DL_FlashCTL_readVerifyFromRAM8WithECCManual
                0x00000000       0x38 C:\DEV\vhd_mounts\ti\mspm0_sdk_2_10_00_04/source/ti/driverlib/lib/gcc/m0p/mspm0l11xx_l13xx\driverlib.a(dl_flashctl.o)
 .text.DL_FlashCTL_readVerifyFromRAM16WithECCManual
                0x00000000       0x38 C:\DEV\vhd_mounts\ti\mspm0_sdk_2_10_00_04/source/ti/driverlib/lib/gcc/m0p/mspm0l11xx_l13xx\driverlib.a(dl_flashctl.o)
 .text.DL_FlashCTL_readVerifyFromRAM32WithECCManual
                0x00000000       0x38 C:\DEV\vhd_mounts\ti\mspm0_sdk_2_10_00_04/source/ti/driverlib/lib/gcc/m0p/mspm0l11xx_l13xx\driverlib.a(dl_flashctl.o)
 .text.DL_FlashCTL_readVerifyFromRAM64WithECCManual
                0x00000000       0x44 C:\DEV\vhd_mounts\ti\mspm0_sdk_2_10_00_04/source/ti/driverlib/lib/gcc/m0p/mspm0l11xx_l13xx\driverlib.a(dl_flashctl.o)
 .text.DL_FlashCTL_readVerify8WithECCGenerated
                0x00000000       0x30 C:\DEV\vhd_mounts\ti\mspm0_sdk_2_10_00_04/source/ti/driverlib/lib/gcc/m0p/mspm0l11xx_l13xx\driverlib.a(dl_flashctl.o)
 .text.DL_FlashCTL_readVerify16WithECCGenerated
                0x00000000       0x30 C:\DEV\vhd_mounts\ti\mspm0_sdk_2_10_00_04/source/ti/driverlib/lib/gcc/m0p/mspm0l11xx_l13xx\driverlib.a(dl_flashctl.o)
 .text.DL_FlashCTL_readVerify32WithECCGenerated
                0x00000000       0x30 C:\DEV\vhd_mounts\ti\mspm0_sdk_2_10_00_04/source/ti/driverlib/lib/gcc/m0p/mspm0l11xx_l13xx\driverlib.a(dl_flashctl.o)
 .text.DL_FlashCTL_readVerify64WithECCGenerated
                0x00000000       0x3c C:\DEV\vhd_mounts\ti\mspm0_sdk_2_10_00_04/source/ti/driverlib/lib/gcc/m0p/mspm0l11xx_l13xx\driverlib.a(dl_flashctl.o)
 .text.DL_FlashCTL_readVerify8WithECCManual
                0x00000000       0x38 C:\DEV\vhd_mounts\ti\mspm0_sdk_2_10_00_04/source/ti/driverlib/lib/gcc/m0p/mspm0l11xx_l13xx\driverlib.a(dl_flashctl.o)
 .text.DL_FlashCTL_readVerify16WithECCManual
                0x00000000       0x38 C:\DEV\vhd_mounts\ti\mspm0_sdk_2_10_00_04/source/ti/driverlib/lib/gcc/m0p/mspm0l11xx_l13xx\driverlib.a(dl_flashctl.o)
 .text.DL_FlashCTL_readVerify32WithECCManual
                0x00000000       0x38 C:\DEV\vhd_mounts\ti\mspm0_sdk_2_10_00_04/source/ti/driverlib/lib/gcc/m0p/mspm0l11xx_l13xx\driverlib.a(dl_flashctl.o)
 .text.DL_FlashCTL_readVerify64WithECCManual
                0x00000000       0x44 C:\DEV\vhd_mounts\ti\mspm0_sdk_2_10_00_04/source/ti/driverlib/lib/gcc/m0p/mspm0l11xx_l13xx\driverlib.a(dl_flashctl.o)
 .text.DL_FlashCTL_blankVerify
                0x00000000       0x18 C:\DEV\vhd_mounts\ti\mspm0_sdk_2_10_00_04/source/ti/driverlib/lib/gcc/m0p/mspm0l11xx_l13xx\driverlib.a(dl_flashctl.o)
 .text.DL_FlashCTL_blankVerifyFromRAM
                0x00000000       0x18 C:\DEV\vhd_mounts\ti\mspm0_sdk_2_10_00_04/source/ti/driverlib/lib/gcc/m0p/mspm0l11xx_l13xx\driverlib.a(dl_flashctl.o)
 .text.DL_FlashCTL_eraseDataBank
                0x00000000       0xc4 C:\DEV\vhd_mounts\ti\mspm0_sdk_2_10_00_04/source/ti/driverlib/lib/gcc/m0p/mspm0l11xx_l13xx\driverlib.a(dl_flashctl.o)
 .text.DL_FlashCTL_massErase
                0x00000000       0x8c C:\DEV\vhd_mounts\ti\mspm0_sdk_2_10_00_04/source/ti/driverlib/lib/gcc/m0p/mspm0l11xx_l13xx\driverlib.a(dl_flashctl.o)
 .text.DL_FlashCTL_factoryReset
                0x00000000       0x48 C:\DEV\vhd_mounts\ti\mspm0_sdk_2_10_00_04/source/ti/driverlib/lib/gcc/m0p/mspm0l11xx_l13xx\driverlib.a(dl_flashctl.o)
 .text.DL_FlashCTL_massEraseMultiBank
                0x00000000      0x170 C:\DEV\vhd_mounts\ti\mspm0_sdk_2_10_00_04/source/ti/driverlib/lib/gcc/m0p/mspm0l11xx_l13xx\driverlib.a(dl_flashctl.o)
 .text.DL_FlashCTL_factoryResetMultiBank
                0x00000000       0x48 C:\DEV\vhd_mounts\ti\mspm0_sdk_2_10_00_04/source/ti/driverlib/lib/gcc/m0p/mspm0l11xx_l13xx\driverlib.a(dl_flashctl.o)
 .text.DL_FlashCTL_eraseDataBankFromRAM
                0x00000000       0xa8 C:\DEV\vhd_mounts\ti\mspm0_sdk_2_10_00_04/source/ti/driverlib/lib/gcc/m0p/mspm0l11xx_l13xx\driverlib.a(dl_flashctl.o)
 .text.DL_FlashCTL_massEraseFromRAM
                0x00000000       0x6c C:\DEV\vhd_mounts\ti\mspm0_sdk_2_10_00_04/source/ti/driverlib/lib/gcc/m0p/mspm0l11xx_l13xx\driverlib.a(dl_flashctl.o)
 .text.DL_FlashCTL_factoryResetFromRAM
                0x00000000       0x34 C:\DEV\vhd_mounts\ti\mspm0_sdk_2_10_00_04/source/ti/driverlib/lib/gcc/m0p/mspm0l11xx_l13xx\driverlib.a(dl_flashctl.o)
 .rodata.CSWTCH.105
                0x00000000        0x6 C:\DEV\vhd_mounts\ti\mspm0_sdk_2_10_00_04/source/ti/driverlib/lib/gcc/m0p/mspm0l11xx_l13xx\driverlib.a(dl_flashctl.o)
 .text.DL_I2C_getClockConfig
                0x00000000       0x1c C:\DEV\vhd_mounts\ti\mspm0_sdk_2_10_00_04/source/ti/driverlib/lib/gcc/m0p/mspm0l11xx_l13xx\driverlib.a(dl_i2c.o)
 .text.DL_I2C_fillControllerTXFIFO
                0x00000000       0x48 C:\DEV\vhd_mounts\ti\mspm0_sdk_2_10_00_04/source/ti/driverlib/lib/gcc/m0p/mspm0l11xx_l13xx\driverlib.a(dl_i2c.o)
 .text.DL_I2C_flushControllerTXFIFO
                0x00000000       0x34 C:\DEV\vhd_mounts\ti\mspm0_sdk_2_10_00_04/source/ti/driverlib/lib/gcc/m0p/mspm0l11xx_l13xx\driverlib.a(dl_i2c.o)
 .text.DL_I2C_flushControllerRXFIFO
                0x00000000       0x30 C:\DEV\vhd_mounts\ti\mspm0_sdk_2_10_00_04/source/ti/driverlib/lib/gcc/m0p/mspm0l11xx_l13xx\driverlib.a(dl_i2c.o)
 .text.DL_I2C_fillTargetTXFIFO
                0x00000000       0x4c C:\DEV\vhd_mounts\ti\mspm0_sdk_2_10_00_04/source/ti/driverlib/lib/gcc/m0p/mspm0l11xx_l13xx\driverlib.a(dl_i2c.o)
 .text.DL_I2C_flushTargetRXFIFO
                0x00000000       0x30 C:\DEV\vhd_mounts\ti\mspm0_sdk_2_10_00_04/source/ti/driverlib/lib/gcc/m0p/mspm0l11xx_l13xx\driverlib.a(dl_i2c.o)
 .text.DL_I2C_transmitTargetDataBlocking
                0x00000000       0x24 C:\DEV\vhd_mounts\ti\mspm0_sdk_2_10_00_04/source/ti/driverlib/lib/gcc/m0p/mspm0l11xx_l13xx\driverlib.a(dl_i2c.o)
 .text.DL_I2C_transmitTargetDataCheck
                0x00000000       0x24 C:\DEV\vhd_mounts\ti\mspm0_sdk_2_10_00_04/source/ti/driverlib/lib/gcc/m0p/mspm0l11xx_l13xx\driverlib.a(dl_i2c.o)
 .text.DL_I2C_receiveTargetDataBlocking
                0x00000000       0x18 C:\DEV\vhd_mounts\ti\mspm0_sdk_2_10_00_04/source/ti/driverlib/lib/gcc/m0p/mspm0l11xx_l13xx\driverlib.a(dl_i2c.o)
 .text.DL_I2C_receiveTargetDataCheck
                0x00000000       0x1c C:\DEV\vhd_mounts\ti\mspm0_sdk_2_10_00_04/source/ti/driverlib/lib/gcc/m0p/mspm0l11xx_l13xx\driverlib.a(dl_i2c.o)
 .text.DL_SPI_getClockConfig
                0x00000000       0x14 C:\DEV\vhd_mounts\ti\mspm0_sdk_2_10_00_04/source/ti/driverlib/lib/gcc/m0p/mspm0l11xx_l13xx\driverlib.a(dl_spi.o)
 .text.DL_SPI_receiveDataBlocking8
                0x00000000       0x1c C:\DEV\vhd_mounts\ti\mspm0_sdk_2_10_00_04/source/ti/driverlib/lib/gcc/m0p/mspm0l11xx_l13xx\driverlib.a(dl_spi.o)
 .text.DL_SPI_receiveDataBlocking16
                0x00000000       0x1c C:\DEV\vhd_mounts\ti\mspm0_sdk_2_10_00_04/source/ti/driverlib/lib/gcc/m0p/mspm0l11xx_l13xx\driverlib.a(dl_spi.o)
 .text.DL_SPI_receiveDataBlocking32
                0x00000000       0x18 C:\DEV\vhd_mounts\ti\mspm0_sdk_2_10_00_04/source/ti/driverlib/lib/gcc/m0p/mspm0l11xx_l13xx\driverlib.a(dl_spi.o)
 .text.DL_SPI_transmitDataBlocking8
                0x00000000       0x24 C:\DEV\vhd_mounts\ti\mspm0_sdk_2_10_00_04/source/ti/driverlib/lib/gcc/m0p/mspm0l11xx_l13xx\driverlib.a(dl_spi.o)
 .text.DL_SPI_transmitDataBlocking16
                0x00000000       0x24 C:\DEV\vhd_mounts\ti\mspm0_sdk_2_10_00_04/source/ti/driverlib/lib/gcc/m0p/mspm0l11xx_l13xx\driverlib.a(dl_spi.o)
 .text.DL_SPI_transmitDataBlocking32
                0x00000000       0x24 C:\DEV\vhd_mounts\ti\mspm0_sdk_2_10_00_04/source/ti/driverlib/lib/gcc/m0p/mspm0l11xx_l13xx\driverlib.a(dl_spi.o)
 .text.DL_SPI_receiveDataCheck8
                0x00000000       0x20 C:\DEV\vhd_mounts\ti\mspm0_sdk_2_10_00_04/source/ti/driverlib/lib/gcc/m0p/mspm0l11xx_l13xx\driverlib.a(dl_spi.o)
 .text.DL_SPI_receiveDataCheck16
                0x00000000       0x20 C:\DEV\vhd_mounts\ti\mspm0_sdk_2_10_00_04/source/ti/driverlib/lib/gcc/m0p/mspm0l11xx_l13xx\driverlib.a(dl_spi.o)
 .text.DL_SPI_receiveDataCheck32
                0x00000000       0x20 C:\DEV\vhd_mounts\ti\mspm0_sdk_2_10_00_04/source/ti/driverlib/lib/gcc/m0p/mspm0l11xx_l13xx\driverlib.a(dl_spi.o)
 .text.DL_SPI_transmitDataCheck8
                0x00000000       0x1c C:\DEV\vhd_mounts\ti\mspm0_sdk_2_10_00_04/source/ti/driverlib/lib/gcc/m0p/mspm0l11xx_l13xx\driverlib.a(dl_spi.o)
 .text.DL_SPI_transmitDataCheck16
                0x00000000       0x1c C:\DEV\vhd_mounts\ti\mspm0_sdk_2_10_00_04/source/ti/driverlib/lib/gcc/m0p/mspm0l11xx_l13xx\driverlib.a(dl_spi.o)
 .text.DL_SPI_transmitDataCheck32
                0x00000000       0x1c C:\DEV\vhd_mounts\ti\mspm0_sdk_2_10_00_04/source/ti/driverlib/lib/gcc/m0p/mspm0l11xx_l13xx\driverlib.a(dl_spi.o)
 .text.DL_SPI_drainRXFIFO8
                0x00000000       0x2c C:\DEV\vhd_mounts\ti\mspm0_sdk_2_10_00_04/source/ti/driverlib/lib/gcc/m0p/mspm0l11xx_l13xx\driverlib.a(dl_spi.o)
 .text.DL_SPI_drainRXFIFO16
                0x00000000       0x34 C:\DEV\vhd_mounts\ti\mspm0_sdk_2_10_00_04/source/ti/driverlib/lib/gcc/m0p/mspm0l11xx_l13xx\driverlib.a(dl_spi.o)
 .text.DL_SPI_drainRXFIFO32
                0x00000000       0x34 C:\DEV\vhd_mounts\ti\mspm0_sdk_2_10_00_04/source/ti/driverlib/lib/gcc/m0p/mspm0l11xx_l13xx\driverlib.a(dl_spi.o)
 .text.DL_SPI_fillTXFIFO8
                0x00000000       0x2c C:\DEV\vhd_mounts\ti\mspm0_sdk_2_10_00_04/source/ti/driverlib/lib/gcc/m0p/mspm0l11xx_l13xx\driverlib.a(dl_spi.o)
 .text.DL_SPI_fillTXFIFO16
                0x00000000       0x2c C:\DEV\vhd_mounts\ti\mspm0_sdk_2_10_00_04/source/ti/driverlib/lib/gcc/m0p/mspm0l11xx_l13xx\driverlib.a(dl_spi.o)
 .text.DL_SPI_saveConfiguration
                0x00000000       0x70 C:\DEV\vhd_mounts\ti\mspm0_sdk_2_10_00_04/source/ti/driverlib/lib/gcc/m0p/mspm0l11xx_l13xx\driverlib.a(dl_spi.o)
 .text.DL_SPI_restoreConfiguration
                0x00000000       0x7c C:\DEV\vhd_mounts\ti\mspm0_sdk_2_10_00_04/source/ti/driverlib/lib/gcc/m0p/mspm0l11xx_l13xx\driverlib.a(dl_spi.o)
 .text.DL_SPI_fillTXFIFO32
                0x00000000       0x2c C:\DEV\vhd_mounts\ti\mspm0_sdk_2_10_00_04/source/ti/driverlib/lib/gcc/m0p/mspm0l11xx_l13xx\driverlib.a(dl_spi.o)
 .text.DL_Timer_getInChanConfig
                0x00000000       0x4c C:\DEV\vhd_mounts\ti\mspm0_sdk_2_10_00_04/source/ti/driverlib/lib/gcc/m0p/mspm0l11xx_l13xx\driverlib.a(dl_timer.o)
 .text.DL_Timer_getClockConfig
                0x00000000       0x20 C:\DEV\vhd_mounts\ti\mspm0_sdk_2_10_00_04/source/ti/driverlib/lib/gcc/m0p/mspm0l11xx_l13xx\driverlib.a(dl_timer.o)
 .text.DL_Timer_initCaptureMode
                0x00000000      0x110 C:\DEV\vhd_mounts\ti\mspm0_sdk_2_10_00_04/source/ti/driverlib/lib/gcc/m0p/mspm0l11xx_l13xx\driverlib.a(dl_timer.o)
 .rodata.DL_Timer_initCaptureMode
                0x00000000       0x18 C:\DEV\vhd_mounts\ti\mspm0_sdk_2_10_00_04/source/ti/driverlib/lib/gcc/m0p/mspm0l11xx_l13xx\driverlib.a(dl_timer.o)
 .text.DL_Timer_initCaptureTriggerMode
                0x00000000       0x90 C:\DEV\vhd_mounts\ti\mspm0_sdk_2_10_00_04/source/ti/driverlib/lib/gcc/m0p/mspm0l11xx_l13xx\driverlib.a(dl_timer.o)
 .text.DL_Timer_initCaptureCombinedMode
                0x00000000       0xe0 C:\DEV\vhd_mounts\ti\mspm0_sdk_2_10_00_04/source/ti/driverlib/lib/gcc/m0p/mspm0l11xx_l13xx\driverlib.a(dl_timer.o)
 .text.DL_Timer_initCompareMode
                0x00000000       0xac C:\DEV\vhd_mounts\ti\mspm0_sdk_2_10_00_04/source/ti/driverlib/lib/gcc/m0p/mspm0l11xx_l13xx\driverlib.a(dl_timer.o)
 .text.DL_Timer_initCompareTriggerMode
                0x00000000       0x78 C:\DEV\vhd_mounts\ti\mspm0_sdk_2_10_00_04/source/ti/driverlib/lib/gcc/m0p/mspm0l11xx_l13xx\driverlib.a(dl_timer.o)
 .text.DL_Timer_setCaptureCompareValue
                0x00000000       0x14 C:\DEV\vhd_mounts\ti\mspm0_sdk_2_10_00_04/source/ti/driverlib/lib/gcc/m0p/mspm0l11xx_l13xx\driverlib.a(dl_timer.o)
 .text.DL_Timer_getCaptureCompareValue
                0x00000000       0x14 C:\DEV\vhd_mounts\ti\mspm0_sdk_2_10_00_04/source/ti/driverlib/lib/gcc/m0p/mspm0l11xx_l13xx\driverlib.a(dl_timer.o)
 .text.DL_Timer_setCaptureCompareCtl
                0x00000000       0x24 C:\DEV\vhd_mounts\ti\mspm0_sdk_2_10_00_04/source/ti/driverlib/lib/gcc/m0p/mspm0l11xx_l13xx\driverlib.a(dl_timer.o)
 .text.DL_Timer_getCaptureCompareCtl
                0x00000000       0x1c C:\DEV\vhd_mounts\ti\mspm0_sdk_2_10_00_04/source/ti/driverlib/lib/gcc/m0p/mspm0l11xx_l13xx\driverlib.a(dl_timer.o)
 .text.DL_Timer_setSecondCompSrcDn
                0x00000000       0x1c C:\DEV\vhd_mounts\ti\mspm0_sdk_2_10_00_04/source/ti/driverlib/lib/gcc/m0p/mspm0l11xx_l13xx\driverlib.a(dl_timer.o)
 .text.DL_Timer_getSecondCompSrcDn
                0x00000000       0x18 C:\DEV\vhd_mounts\ti\mspm0_sdk_2_10_00_04/source/ti/driverlib/lib/gcc/m0p/mspm0l11xx_l13xx\driverlib.a(dl_timer.o)
 .text.DL_Timer_setSecondCompSrcUp
                0x00000000       0x20 C:\DEV\vhd_mounts\ti\mspm0_sdk_2_10_00_04/source/ti/driverlib/lib/gcc/m0p/mspm0l11xx_l13xx\driverlib.a(dl_timer.o)
 .text.DL_Timer_getSecondCompSrcUp
                0x00000000       0x18 C:\DEV\vhd_mounts\ti\mspm0_sdk_2_10_00_04/source/ti/driverlib/lib/gcc/m0p/mspm0l11xx_l13xx\driverlib.a(dl_timer.o)
 .text.DL_Timer_setSecondCompActionDn
                0x00000000       0x20 C:\DEV\vhd_mounts\ti\mspm0_sdk_2_10_00_04/source/ti/driverlib/lib/gcc/m0p/mspm0l11xx_l13xx\driverlib.a(dl_timer.o)
 .text.DL_Timer_getSecondCompActionDn
                0x00000000       0x18 C:\DEV\vhd_mounts\ti\mspm0_sdk_2_10_00_04/source/ti/driverlib/lib/gcc/m0p/mspm0l11xx_l13xx\driverlib.a(dl_timer.o)
 .text.DL_Timer_setSecondCompActionUp
                0x00000000       0x20 C:\DEV\vhd_mounts\ti\mspm0_sdk_2_10_00_04/source/ti/driverlib/lib/gcc/m0p/mspm0l11xx_l13xx\driverlib.a(dl_timer.o)
 .text.DL_Timer_getSecondCompActionUp
                0x00000000       0x18 C:\DEV\vhd_mounts\ti\mspm0_sdk_2_10_00_04/source/ti/driverlib/lib/gcc/m0p/mspm0l11xx_l13xx\driverlib.a(dl_timer.o)
 .text.DL_Timer_enableSuppressionOfCompEvent
                0x00000000       0x1c C:\DEV\vhd_mounts\ti\mspm0_sdk_2_10_00_04/source/ti/driverlib/lib/gcc/m0p/mspm0l11xx_l13xx\driverlib.a(dl_timer.o)
 .text.DL_Timer_disableSuppressionOfCompEvent
                0x00000000       0x1c C:\DEV\vhd_mounts\ti\mspm0_sdk_2_10_00_04/source/ti/driverlib/lib/gcc/m0p/mspm0l11xx_l13xx\driverlib.a(dl_timer.o)
 .text.DL_Timer_setCaptCompUpdateMethod
                0x00000000       0x20 C:\DEV\vhd_mounts\ti\mspm0_sdk_2_10_00_04/source/ti/driverlib/lib/gcc/m0p/mspm0l11xx_l13xx\driverlib.a(dl_timer.o)
 .text.DL_Timer_getCaptCompUpdateMethod
                0x00000000       0x18 C:\DEV\vhd_mounts\ti\mspm0_sdk_2_10_00_04/source/ti/driverlib/lib/gcc/m0p/mspm0l11xx_l13xx\driverlib.a(dl_timer.o)
 .text.DL_Timer_setCaptCompActUpdateMethod
                0x00000000       0x20 C:\DEV\vhd_mounts\ti\mspm0_sdk_2_10_00_04/source/ti/driverlib/lib/gcc/m0p/mspm0l11xx_l13xx\driverlib.a(dl_timer.o)
 .text.DL_Timer_getCaptCompActUpdateMethod
                0x00000000       0x18 C:\DEV\vhd_mounts\ti\mspm0_sdk_2_10_00_04/source/ti/driverlib/lib/gcc/m0p/mspm0l11xx_l13xx\driverlib.a(dl_timer.o)
 .text.DL_Timer_setCaptureCompareOutCtl
                0x00000000       0x1c C:\DEV\vhd_mounts\ti\mspm0_sdk_2_10_00_04/source/ti/driverlib/lib/gcc/m0p/mspm0l11xx_l13xx\driverlib.a(dl_timer.o)
 .text.DL_Timer_getCaptureCompareOutCtl
                0x00000000       0x14 C:\DEV\vhd_mounts\ti\mspm0_sdk_2_10_00_04/source/ti/driverlib/lib/gcc/m0p/mspm0l11xx_l13xx\driverlib.a(dl_timer.o)
 .text.DL_Timer_setCaptureCompareAction
                0x00000000       0x20 C:\DEV\vhd_mounts\ti\mspm0_sdk_2_10_00_04/source/ti/driverlib/lib/gcc/m0p/mspm0l11xx_l13xx\driverlib.a(dl_timer.o)
 .text.DL_Timer_getCaptureCompareAction
                0x00000000       0x1c C:\DEV\vhd_mounts\ti\mspm0_sdk_2_10_00_04/source/ti/driverlib/lib/gcc/m0p/mspm0l11xx_l13xx\driverlib.a(dl_timer.o)
 .text.DL_Timer_overrideCCPOut
                0x00000000       0x20 C:\DEV\vhd_mounts\ti\mspm0_sdk_2_10_00_04/source/ti/driverlib/lib/gcc/m0p/mspm0l11xx_l13xx\driverlib.a(dl_timer.o)
 .text.DL_Timer_setCaptureCompareInput
                0x00000000       0x20 C:\DEV\vhd_mounts\ti\mspm0_sdk_2_10_00_04/source/ti/driverlib/lib/gcc/m0p/mspm0l11xx_l13xx\driverlib.a(dl_timer.o)
 .text.DL_Timer_getCaptureCompareInput
                0x00000000       0x14 C:\DEV\vhd_mounts\ti\mspm0_sdk_2_10_00_04/source/ti/driverlib/lib/gcc/m0p/mspm0l11xx_l13xx\driverlib.a(dl_timer.o)
 .text.DL_Timer_setCaptureCompareInputFilter
                0x00000000       0x20 C:\DEV\vhd_mounts\ti\mspm0_sdk_2_10_00_04/source/ti/driverlib/lib/gcc/m0p/mspm0l11xx_l13xx\driverlib.a(dl_timer.o)
 .text.DL_Timer_getCaptureCompareInputFilter
                0x00000000       0x18 C:\DEV\vhd_mounts\ti\mspm0_sdk_2_10_00_04/source/ti/driverlib/lib/gcc/m0p/mspm0l11xx_l13xx\driverlib.a(dl_timer.o)
 .text.DL_Timer_enableCaptureCompareInputFilter
                0x00000000       0x18 C:\DEV\vhd_mounts\ti\mspm0_sdk_2_10_00_04/source/ti/driverlib/lib/gcc/m0p/mspm0l11xx_l13xx\driverlib.a(dl_timer.o)
 .text.DL_Timer_disableCaptureCompareInputFilter
                0x00000000       0x1c C:\DEV\vhd_mounts\ti\mspm0_sdk_2_10_00_04/source/ti/driverlib/lib/gcc/m0p/mspm0l11xx_l13xx\driverlib.a(dl_timer.o)
 .text.DL_Timer_isCaptureCompareInputFilterEnabled
                0x00000000       0x14 C:\DEV\vhd_mounts\ti\mspm0_sdk_2_10_00_04/source/ti/driverlib/lib/gcc/m0p/mspm0l11xx_l13xx\driverlib.a(dl_timer.o)
 .text.DL_Timer_saveConfiguration
                0x00000000      0x1a4 C:\DEV\vhd_mounts\ti\mspm0_sdk_2_10_00_04/source/ti/driverlib/lib/gcc/m0p/mspm0l11xx_l13xx\driverlib.a(dl_timer.o)
 .text.DL_Timer_restoreConfiguration
                0x00000000      0x1c0 C:\DEV\vhd_mounts\ti\mspm0_sdk_2_10_00_04/source/ti/driverlib/lib/gcc/m0p/mspm0l11xx_l13xx\driverlib.a(dl_timer.o)
 .text.DL_Timer_initFourCCPWMMode
                0x00000000      0x190 C:\DEV\vhd_mounts\ti\mspm0_sdk_2_10_00_04/source/ti/driverlib/lib/gcc/m0p/mspm0l11xx_l13xx\driverlib.a(dl_timer.o)
 .text.DL_Timer_configQEIHallInputMode
                0x00000000       0x30 C:\DEV\vhd_mounts\ti\mspm0_sdk_2_10_00_04/source/ti/driverlib/lib/gcc/m0p/mspm0l11xx_l13xx\driverlib.a(dl_timer.o)
 .rodata.CSWTCH.78
                0x00000000        0x4 C:\DEV\vhd_mounts\ti\mspm0_sdk_2_10_00_04/source/ti/driverlib/lib/gcc/m0p/mspm0l11xx_l13xx\driverlib.a(dl_timer.o)
 .text.DL_UART_getClockConfig
                0x00000000       0x14 C:\DEV\vhd_mounts\ti\mspm0_sdk_2_10_00_04/source/ti/driverlib/lib/gcc/m0p/mspm0l11xx_l13xx\driverlib.a(dl_uart.o)
 .text.DL_UART_configIrDAMode
                0x00000000       0x40 C:\DEV\vhd_mounts\ti\mspm0_sdk_2_10_00_04/source/ti/driverlib/lib/gcc/m0p/mspm0l11xx_l13xx\driverlib.a(dl_uart.o)
 .text.DL_UART_setIrDAPulseLength
                0x00000000       0x34 C:\DEV\vhd_mounts\ti\mspm0_sdk_2_10_00_04/source/ti/driverlib/lib/gcc/m0p/mspm0l11xx_l13xx\driverlib.a(dl_uart.o)
 .text.DL_UART_receiveDataBlocking
                0x00000000       0x1c C:\DEV\vhd_mounts\ti\mspm0_sdk_2_10_00_04/source/ti/driverlib/lib/gcc/m0p/mspm0l11xx_l13xx\driverlib.a(dl_uart.o)
 .text.DL_UART_transmitDataBlocking
                0x00000000       0x24 C:\DEV\vhd_mounts\ti\mspm0_sdk_2_10_00_04/source/ti/driverlib/lib/gcc/m0p/mspm0l11xx_l13xx\driverlib.a(dl_uart.o)
 .text.DL_UART_receiveDataCheck
                0x00000000       0x20 C:\DEV\vhd_mounts\ti\mspm0_sdk_2_10_00_04/source/ti/driverlib/lib/gcc/m0p/mspm0l11xx_l13xx\driverlib.a(dl_uart.o)
 .text.DL_UART_transmitDataCheck
                0x00000000       0x1c C:\DEV\vhd_mounts\ti\mspm0_sdk_2_10_00_04/source/ti/driverlib/lib/gcc/m0p/mspm0l11xx_l13xx\driverlib.a(dl_uart.o)
 .text.DL_UART_drainRXFIFO
                0x00000000       0x2c C:\DEV\vhd_mounts\ti\mspm0_sdk_2_10_00_04/source/ti/driverlib/lib/gcc/m0p/mspm0l11xx_l13xx\driverlib.a(dl_uart.o)
 .text.DL_UART_fillTXFIFO
                0x00000000       0x2c C:\DEV\vhd_mounts\ti\mspm0_sdk_2_10_00_04/source/ti/driverlib/lib/gcc/m0p/mspm0l11xx_l13xx\driverlib.a(dl_uart.o)
 .text.DL_UART_Main_saveConfiguration
                0x00000000       0x84 C:\DEV\vhd_mounts\ti\mspm0_sdk_2_10_00_04/source/ti/driverlib/lib/gcc/m0p/mspm0l11xx_l13xx\driverlib.a(dl_uart.o)
 .text.DL_UART_Main_restoreConfiguration
                0x00000000       0x90 C:\DEV\vhd_mounts\ti\mspm0_sdk_2_10_00_04/source/ti/driverlib/lib/gcc/m0p/mspm0l11xx_l13xx\driverlib.a(dl_uart.o)
 .text.DL_UART_Extend_saveConfiguration
                0x00000000       0xa8 C:\DEV\vhd_mounts\ti\mspm0_sdk_2_10_00_04/source/ti/driverlib/lib/gcc/m0p/mspm0l11xx_l13xx\driverlib.a(dl_uart.o)
 .text.DL_UART_Extend_restoreConfiguration
                0x00000000       0xc0 C:\DEV\vhd_mounts\ti\mspm0_sdk_2_10_00_04/source/ti/driverlib/lib/gcc/m0p/mspm0l11xx_l13xx\driverlib.a(dl_uart.o)

Memory Configuration

Name             Origin             Length             Attributes
FLASH            0x00000000         0x00007ff8         xr
SRAM             0x20000000         0x00001000         xrw
BCR_CONFIG       0x41c00000         0x000000ff         r
BSL_CONFIG       0x41c00100         0x00000080         r
*default*        0x00000000         0xffffffff

Linker script and memory map

LOAD obj/main.o
LOAD obj/system.o
LOAD obj/ti_msp_dl_config.o
LOAD obj/ad7291_emulation.o
LOAD obj/sc16is740_emulation.o
LOAD obj/eeprom_emulation_type_b.o
LOAD obj/i2c_tar_driver.o
LOAD obj/startup_mspm0l110x_gcc.o
                0x00000000                        _Min_Heap_Size = 0x0
                0x00000080                        _Min_Stack_Size = 0x80
                0x00000000                        PROVIDE (_intvecs_base_address = DEFINED (_intvecs_base_address)?_intvecs_base_address:0x0)

.intvecs        0x00000000       0xc0
 *(.intvecs)
 .intvecs       0x00000000       0xc0 obj/startup_mspm0l110x_gcc.o
                0x00000000                interruptVectors
                0x20000000                        PROVIDE (_vtable_base_address = DEFINED (_vtable_base_address)?_vtable_base_address:0x20000000)

.vtable
 *(.vtable)

.text           0x000000c0     0x10f0
 CREATE_OBJECT_SYMBOLS
 *(.text)
 .text          0x000000c0        0x0 obj/main.o
 .text          0x000000c0        0x0 obj/system.o
 .text          0x000000c0        0x0 obj/ti_msp_dl_config.o
 .text          0x000000c0        0x0 obj/ad7291_emulation.o
 .text          0x000000c0        0x0 obj/sc16is740_emulation.o
 .text          0x000000c0        0x0 obj/eeprom_emulation_type_b.o
 .text          0x000000c0        0x0 obj/i2c_tar_driver.o
 .text          0x000000c0        0x0 obj/startup_mspm0l110x_gcc.o
 .text          0x000000c0        0x0 C:\DEV\vhd_mounts\ti\mspm0_sdk_2_10_00_04/source/ti/driverlib/lib/gcc/m0p/mspm0l11xx_l13xx\driverlib.a(dl_adc12.o)
 .text          0x000000c0        0x0 C:\DEV\vhd_mounts\ti\mspm0_sdk_2_10_00_04/source/ti/driverlib/lib/gcc/m0p/mspm0l11xx_l13xx\driverlib.a(dl_common.o)
 .text          0x000000c0        0x0 C:\DEV\vhd_mounts\ti\mspm0_sdk_2_10_00_04/source/ti/driverlib/lib/gcc/m0p/mspm0l11xx_l13xx\driverlib.a(dl_flashctl.o)
 .text          0x000000c0        0x0 C:\DEV\vhd_mounts\ti\mspm0_sdk_2_10_00_04/source/ti/driverlib/lib/gcc/m0p/mspm0l11xx_l13xx\driverlib.a(dl_i2c.o)
 .text          0x000000c0        0x0 C:\DEV\vhd_mounts\ti\mspm0_sdk_2_10_00_04/source/ti/driverlib/lib/gcc/m0p/mspm0l11xx_l13xx\driverlib.a(dl_spi.o)
 .text          0x000000c0        0x0 C:\DEV\vhd_mounts\ti\mspm0_sdk_2_10_00_04/source/ti/driverlib/lib/gcc/m0p/mspm0l11xx_l13xx\driverlib.a(dl_timer.o)
 .text          0x000000c0        0x0 C:\DEV\vhd_mounts\ti\mspm0_sdk_2_10_00_04/source/ti/driverlib/lib/gcc/m0p/mspm0l11xx_l13xx\driverlib.a(dl_uart.o)
 .text          0x000000c0      0x114 C:/DEV/arm_gnu_toolchains/15.2.rel1/bin/../lib/gcc/arm-none-eabi/15.2.1/thumb/v6-m/nofp\libgcc.a(_udivsi3.o)
                0x000000c0                __aeabi_uidiv
                0x000000c0                __udivsi3
                0x000001cc                __aeabi_uidivmod
 .text          0x000001d4      0x1d4 C:/DEV/arm_gnu_toolchains/15.2.rel1/bin/../lib/gcc/arm-none-eabi/15.2.1/thumb/v6-m/nofp\libgcc.a(_divsi3.o)
                0x000001d4                __divsi3
                0x000001d4                __aeabi_idiv
                0x000003a0                __aeabi_idivmod
 .text          0x000003a8        0x4 C:/DEV/arm_gnu_toolchains/15.2.rel1/bin/../lib/gcc/arm-none-eabi/15.2.1/thumb/v6-m/nofp\libgcc.a(_dvmd_tls.o)
                0x000003a8                __aeabi_idiv0
                0x000003a8                __aeabi_ldiv0
 .text          0x000003ac        0x0 C:\DEV\arm_gnu_toolchains\15.2.rel1/arm-none-eabi/lib/thumb/v6-m/nofp\libc_nano.a(libc_a-memset.o)
 .text          0x000003ac        0x0 C:\DEV\arm_gnu_toolchains\15.2.rel1/arm-none-eabi/lib/thumb/v6-m/nofp\libc_nano.a(libc_a-init.o)
 .text          0x000003ac        0x0 C:\DEV\arm_gnu_toolchains\15.2.rel1/arm-none-eabi/lib/thumb/v6-m/nofp\libc_nano.a(libc_a-memcpy-stub.o)
                0x000003b0                        . = ALIGN (0x8)
 *fill*         0x000003ac        0x4 
 *(.text.*)
 .text.startup.main
                0x000003b0       0x30 obj/main.o
                0x000003b0                main
 .text.System_init
                0x000003e0       0x8c obj/system.o
                0x000003e0                System_init
 .text.System_sleepUntilInterrupt
                0x0000046c       0x14 obj/system.o
                0x0000046c                System_sleepUntilInterrupt
 .text.TIMG0_IRQHandler
                0x00000480       0x20 obj/system.o
                0x00000480                TIMG0_IRQHandler
 .text.I2C0_IRQHandler
                0x000004a0       0x10 obj/system.o
                0x000004a0                I2C0_IRQHandler
 .text.SYSCFG_DL_initPower
                0x000004b0       0x68 obj/ti_msp_dl_config.o
                0x000004b0                SYSCFG_DL_initPower
 .text.SYSCFG_DL_GPIO_init
                0x00000518       0x68 obj/ti_msp_dl_config.o
                0x00000518                SYSCFG_DL_GPIO_init
 .text.SYSCFG_DL_DEBUG_init
                0x00000580       0x18 obj/ti_msp_dl_config.o
                0x00000580                SYSCFG_DL_DEBUG_init
 .text.SYSCFG_DL_SYSCTL_init
                0x00000598       0x30 obj/ti_msp_dl_config.o
                0x00000598                SYSCFG_DL_SYSCTL_init
 .text.SYSCFG_DL_WAKEUP_TIMER_init
                0x000005c8       0x38 obj/ti_msp_dl_config.o
                0x000005c8                SYSCFG_DL_WAKEUP_TIMER_init
 .text.SYSCFG_DL_TAR_I2C_init
                0x00000600       0x90 obj/ti_msp_dl_config.o
                0x00000600                SYSCFG_DL_TAR_I2C_init
 .text.SYSCFG_DL_PER_SPI_init
                0x00000690       0x44 obj/ti_msp_dl_config.o
                0x00000690                SYSCFG_DL_PER_SPI_init
 .text.SYSCFG_DL_ADC_init
                0x000006d4       0x3c obj/ti_msp_dl_config.o
                0x000006d4                SYSCFG_DL_ADC_init
 .text.SYSCFG_DL_WWDT0_init
                0x00000710       0x20 obj/ti_msp_dl_config.o
                0x00000710                SYSCFG_DL_WWDT0_init
 .text.SYSCFG_DL_UART0_init
                0x00000730       0x38 obj/ti_msp_dl_config.o
                0x00000730                SYSCFG_DL_UART0_init
 .text.SYSCFG_DL_init
                0x00000768       0x2c obj/ti_msp_dl_config.o
                0x00000768                SYSCFG_DL_init
 .text.ad7291_open
                0x00000794       0x94 obj/ad7291_emulation.o
                0x00000794                ad7291_open
 .text.ad7291_i2c_rx_callback
                0x00000828       0x9c obj/ad7291_emulation.o
                0x00000828                ad7291_i2c_rx_callback
 .text.ad7291_i2c_tx_callback
                0x000008c4      0x110 obj/ad7291_emulation.o
                0x000008c4                ad7291_i2c_tx_callback
 .text.sc16is740_open
                0x000009d4       0x4c obj/sc16is740_emulation.o
                0x000009d4                sc16is740_open
 .text.UART0_IRQHandler
                0x00000a20       0x80 obj/sc16is740_emulation.o
                0x00000a20                UART0_IRQHandler
 .text.sc16is740_i2c_rx_callback
                0x00000aa0       0xb4 obj/sc16is740_emulation.o
                0x00000aa0                sc16is740_i2c_rx_callback
 .text.sc16is740_i2c_tx_callback
                0x00000b54       0x94 obj/sc16is740_emulation.o
                0x00000b54                sc16is740_i2c_tx_callback
 .text.I2CTarDriver_open
                0x00000be8       0x34 obj/i2c_tar_driver.o
                0x00000be8                I2CTarDriver_open
 .text.I2CTarDriver_read
                0x00000c1c       0x18 obj/i2c_tar_driver.o
                0x00000c1c                I2CTarDriver_read
 .text.I2CTarDriver_write
                0x00000c34       0x14 obj/i2c_tar_driver.o
                0x00000c34                I2CTarDriver_write
 .text.I2CTarDriver_ISR
                0x00000c48      0x1cc obj/i2c_tar_driver.o
                0x00000c48                I2CTarDriver_ISR
 .text.Default_Handler
                0x00000e14        0x4 obj/startup_mspm0l110x_gcc.o
                0x00000e14                TIMG2_IRQHandler
                0x00000e14                HardFault_Handler
                0x00000e14                SysTick_Handler
                0x00000e14                PendSV_Handler
                0x00000e14                NMI_Handler
                0x00000e14                UART1_IRQHandler
                0x00000e14                ADC0_IRQHandler
                0x00000e14                GROUP1_IRQHandler
                0x00000e14                GROUP0_IRQHandler
                0x00000e14                Default_Handler
                0x00000e14                SVC_Handler
                0x00000e14                TIMG1_IRQHandler
                0x00000e14                SPI0_IRQHandler
                0x00000e14                DMA_IRQHandler
                0x00000e14                TIMG4_IRQHandler
 .text.Reset_Handler
                0x00000e18       0x78 obj/startup_mspm0l110x_gcc.o
                0x00000e18                Reset_Handler
 .text.initStub
                0x00000e90        0x4 obj/startup_mspm0l110x_gcc.o
                0x00000e90                initStub
                0x00000e90                _init
 .text.DL_ADC12_setClockConfig
                0x00000e94       0x40 C:\DEV\vhd_mounts\ti\mspm0_sdk_2_10_00_04/source/ti/driverlib/lib/gcc/m0p/mspm0l11xx_l13xx\driverlib.a(dl_adc12.o)
                0x00000e94                DL_ADC12_setClockConfig
 .text.DL_Common_delayCycles
                0x00000ed4        0xc C:\DEV\vhd_mounts\ti\mspm0_sdk_2_10_00_04/source/ti/driverlib/lib/gcc/m0p/mspm0l11xx_l13xx\driverlib.a(dl_common.o)
                0x00000ed4                DL_Common_delayCycles
 .text.DL_I2C_setClockConfig
                0x00000ee0       0x28 C:\DEV\vhd_mounts\ti\mspm0_sdk_2_10_00_04/source/ti/driverlib/lib/gcc/m0p/mspm0l11xx_l13xx\driverlib.a(dl_i2c.o)
                0x00000ee0                DL_I2C_setClockConfig
 .text.DL_I2C_flushTargetTXFIFO
                0x00000f08       0x34 C:\DEV\vhd_mounts\ti\mspm0_sdk_2_10_00_04/source/ti/driverlib/lib/gcc/m0p/mspm0l11xx_l13xx\driverlib.a(dl_i2c.o)
                0x00000f08                DL_I2C_flushTargetTXFIFO
 .text.DL_SPI_init
                0x00000f3c       0x40 C:\DEV\vhd_mounts\ti\mspm0_sdk_2_10_00_04/source/ti/driverlib/lib/gcc/m0p/mspm0l11xx_l13xx\driverlib.a(dl_spi.o)
                0x00000f3c                DL_SPI_init
 .text.DL_SPI_setClockConfig
                0x00000f7c       0x14 C:\DEV\vhd_mounts\ti\mspm0_sdk_2_10_00_04/source/ti/driverlib/lib/gcc/m0p/mspm0l11xx_l13xx\driverlib.a(dl_spi.o)
                0x00000f7c                DL_SPI_setClockConfig
 .text.DL_Timer_setClockConfig
                0x00000f90       0x1c C:\DEV\vhd_mounts\ti\mspm0_sdk_2_10_00_04/source/ti/driverlib/lib/gcc/m0p/mspm0l11xx_l13xx\driverlib.a(dl_timer.o)
                0x00000f90                DL_Timer_setClockConfig
 .text.DL_Timer_initTimerMode
                0x00000fac       0x8c C:\DEV\vhd_mounts\ti\mspm0_sdk_2_10_00_04/source/ti/driverlib/lib/gcc/m0p/mspm0l11xx_l13xx\driverlib.a(dl_timer.o)
                0x00000fac                DL_Timer_initTimerMode
 .text.DL_UART_init
                0x00001038       0x48 C:\DEV\vhd_mounts\ti\mspm0_sdk_2_10_00_04/source/ti/driverlib/lib/gcc/m0p/mspm0l11xx_l13xx\driverlib.a(dl_uart.o)
                0x00001038                DL_UART_init
 .text.DL_UART_setClockConfig
                0x00001080       0x14 C:\DEV\vhd_mounts\ti\mspm0_sdk_2_10_00_04/source/ti/driverlib/lib/gcc/m0p/mspm0l11xx_l13xx\driverlib.a(dl_uart.o)
                0x00001080                DL_UART_setClockConfig
 .text.DL_UART_configBaudRate
                0x00001094       0xb0 C:\DEV\vhd_mounts\ti\mspm0_sdk_2_10_00_04/source/ti/driverlib/lib/gcc/m0p/mspm0l11xx_l13xx\driverlib.a(dl_uart.o)
                0x00001094                DL_UART_configBaudRate
 .text.memset   0x00001144       0x10 C:\DEV\arm_gnu_toolchains\15.2.rel1/arm-none-eabi/lib/thumb/v6-m/nofp\libc_nano.a(libc_a-memset.o)
                0x00001144                memset
 .text.__libc_init_array
                0x00001154       0x48 C:\DEV\arm_gnu_toolchains\15.2.rel1/arm-none-eabi/lib/thumb/v6-m/nofp\libc_nano.a(libc_a-init.o)
                0x00001154                __libc_init_array
 .text.memcpy   0x0000119c       0x12 C:\DEV\arm_gnu_toolchains\15.2.rel1/arm-none-eabi/lib/thumb/v6-m/nofp\libc_nano.a(libc_a-memcpy-stub.o)
                0x0000119c                memcpy
                0x000011b0                        . = ALIGN (0x8)
 *fill*         0x000011ae        0x2 
 *(.ctors)
                0x000011b0                        . = ALIGN (0x8)
 *(.dtors)
                0x000011b0                        . = ALIGN (0x8)
 *(.init)
                0x000011b0                        . = ALIGN (0x8)
 *(.fini*)
                0x000011b0                        . = ALIGN (0x8)

.glue_7         0x000011b0        0x0
 .glue_7        0x000011b0        0x0 linker stubs

.glue_7t        0x000011b0        0x0
 .glue_7t       0x000011b0        0x0 linker stubs

.vfp11_veneer   0x000011b0        0x0
 .vfp11_veneer  0x000011b0        0x0 linker stubs

.v4_bx          0x000011b0        0x0
 .v4_bx         0x000011b0        0x0 linker stubs

.iplt           0x000011b0        0x0
 .iplt          0x000011b0        0x0 obj/main.o

.ramfunc        0x20000000        0x0 load address 0x000011b0
                0x000011b0                        __ramfunct_load__ = LOADADDR (.ramfunc)
                0x20000000                        __ramfunct_start__ = .
 *(.ramfunc)
                0x20000000                        . = ALIGN (0x8)
                0x20000000                        __ramfunct_end__ = .

.rodata         0x000011b0       0xf0
 *(.rodata)
                0x000011b0                        . = ALIGN (0x8)
 *(.rodata.*)
 .rodata.gUART0Config
                0x000011b0        0xa obj/ti_msp_dl_config.o
 *fill*         0x000011ba        0x2 
 .rodata.gUART0ClockConfig
                0x000011bc        0x2 obj/ti_msp_dl_config.o
 *fill*         0x000011be        0x2 
 .rodata.gADCClockConfig
                0x000011c0        0x8 obj/ti_msp_dl_config.o
 .rodata.gPER_SPI_clockConfig
                0x000011c8        0x2 obj/ti_msp_dl_config.o
 *fill*         0x000011ca        0x2 
 .rodata.gPER_SPI_config
                0x000011cc        0xa obj/ti_msp_dl_config.o
 *fill*         0x000011d6        0x2 
 .rodata.gTAR_I2CClockConfig
                0x000011d8        0x2 obj/ti_msp_dl_config.o
 *fill*         0x000011da        0x2 
 .rodata.gWAKEUP_TIMERTimerConfig
                0x000011dc       0x14 obj/ti_msp_dl_config.o
 .rodata.gWAKEUP_TIMERClockConfig
                0x000011f0        0x3 obj/ti_msp_dl_config.o
 *fill*         0x000011f3        0x1 
 .rodata.ad7291_chLUT
                0x000011f4        0x8 obj/ad7291_emulation.o
                0x000011f4                ad7291_chLUT
 .rodata.I2CTarDriver_ISR
                0x000011fc       0x18 obj/i2c_tar_driver.o
 .rodata.DL_Timer_initTimerMode
                0x00001214       0x8c C:\DEV\vhd_mounts\ti\mspm0_sdk_2_10_00_04/source/ti/driverlib/lib/gcc/m0p/mspm0l11xx_l13xx\driverlib.a(dl_timer.o)
                0x000012a0                        . = ALIGN (0x8)

.rel.dyn        0x000012a0        0x0
 .rel.iplt      0x000012a0        0x0 obj/main.o

.preinit_array  0x000012a0        0x0
                0x000012a0                        PROVIDE (__preinit_array_start = .)
 *(.preinit_array*)
                0x000012a0                        PROVIDE (__preinit_array_end = .)

.init_array     0x000012a0        0x0
                0x000012a0                        . = ALIGN (0x8)
                0x000012a0                        PROVIDE (__init_array_start = .)
 *(SORT_BY_NAME(.init_array.*))
 *(.init_array*)
                0x000012a0                        PROVIDE (__init_array_end = .)

.fini_array     0x000012a0        0x0
                0x000012a0                        . = ALIGN (0x8)
                [!provide]                        PROVIDE (__fini_array_start = .)
 *(SORT_BY_NAME(.fini_array.*))
 *(.fini_array*)
                [!provide]                        PROVIDE (__fini_array_end = .)
                0x000012a0                        . = ALIGN (0x8)

.ARM.exidx      0x000012a0        0x0
                0x000012a0                        __exidx_start = .
 *(.ARM.exidx* .gnu.linkonce.armexidx.*)
                0x000012a0                        __exidx_end = .

.ARM.extab      0x000012a0        0x0
                0x000012a0                        . = ALIGN (0x8)
 *(.ARM.extab* .gnu.linkonce.armextab.*)
                0x000012a0                        . = ALIGN (0x8)
                0x000012a0                        __etext = .

.data           0x20000000       0x40 load address 0x000012a0
                0x000012a0                        __data_load__ = LOADADDR (.data)
                0x20000000                        __data_start__ = .
 *(.data)
 .data          0x20000000        0x0 obj/main.o
 .data          0x20000000        0x0 obj/system.o
 .data          0x20000000        0x0 obj/ti_msp_dl_config.o
 .data          0x20000000        0x0 obj/ad7291_emulation.o
 .data          0x20000000        0x0 obj/sc16is740_emulation.o
 .data          0x20000000        0x0 obj/eeprom_emulation_type_b.o
 .data          0x20000000        0x0 obj/i2c_tar_driver.o
 .data          0x20000000        0x0 obj/startup_mspm0l110x_gcc.o
 .data          0x20000000        0x0 C:\DEV\vhd_mounts\ti\mspm0_sdk_2_10_00_04/source/ti/driverlib/lib/gcc/m0p/mspm0l11xx_l13xx\driverlib.a(dl_adc12.o)
 .data          0x20000000        0x0 C:\DEV\vhd_mounts\ti\mspm0_sdk_2_10_00_04/source/ti/driverlib/lib/gcc/m0p/mspm0l11xx_l13xx\driverlib.a(dl_common.o)
 .data          0x20000000        0x0 C:\DEV\vhd_mounts\ti\mspm0_sdk_2_10_00_04/source/ti/driverlib/lib/gcc/m0p/mspm0l11xx_l13xx\driverlib.a(dl_flashctl.o)
 .data          0x20000000        0x0 C:\DEV\vhd_mounts\ti\mspm0_sdk_2_10_00_04/source/ti/driverlib/lib/gcc/m0p/mspm0l11xx_l13xx\driverlib.a(dl_i2c.o)
 .data          0x20000000        0x0 C:\DEV\vhd_mounts\ti\mspm0_sdk_2_10_00_04/source/ti/driverlib/lib/gcc/m0p/mspm0l11xx_l13xx\driverlib.a(dl_spi.o)
 .data          0x20000000        0x0 C:\DEV\vhd_mounts\ti\mspm0_sdk_2_10_00_04/source/ti/driverlib/lib/gcc/m0p/mspm0l11xx_l13xx\driverlib.a(dl_timer.o)
 .data          0x20000000        0x0 C:\DEV\vhd_mounts\ti\mspm0_sdk_2_10_00_04/source/ti/driverlib/lib/gcc/m0p/mspm0l11xx_l13xx\driverlib.a(dl_uart.o)
 .data          0x20000000        0x0 C:/DEV/arm_gnu_toolchains/15.2.rel1/bin/../lib/gcc/arm-none-eabi/15.2.1/thumb/v6-m/nofp\libgcc.a(_udivsi3.o)
 .data          0x20000000        0x0 C:/DEV/arm_gnu_toolchains/15.2.rel1/bin/../lib/gcc/arm-none-eabi/15.2.1/thumb/v6-m/nofp\libgcc.a(_divsi3.o)
 .data          0x20000000        0x0 C:/DEV/arm_gnu_toolchains/15.2.rel1/bin/../lib/gcc/arm-none-eabi/15.2.1/thumb/v6-m/nofp\libgcc.a(_dvmd_tls.o)
 .data          0x20000000        0x0 C:\DEV\arm_gnu_toolchains\15.2.rel1/arm-none-eabi/lib/thumb/v6-m/nofp\libc_nano.a(libc_a-memset.o)
 .data          0x20000000        0x0 C:\DEV\arm_gnu_toolchains\15.2.rel1/arm-none-eabi/lib/thumb/v6-m/nofp\libc_nano.a(libc_a-init.o)
 .data          0x20000000        0x0 C:\DEV\arm_gnu_toolchains\15.2.rel1/arm-none-eabi/lib/thumb/v6-m/nofp\libc_nano.a(libc_a-memcpy-stub.o)
 *(.data*)
 .data.tar_i2c  0x20000000       0x3c obj/system.o
                0x20000000                tar_i2c
 .data.gActiveGroupNum
                0x2000003c        0x2 obj/eeprom_emulation_type_b.o
                0x2000003c                gActiveGroupNum
                0x20000040                        . = ALIGN (0x8)
 *fill*         0x2000003e        0x2 
                0x20000040                        __data_end__ = .

.igot.plt       0x20000040        0x0 load address 0x000012e0
 .igot.plt      0x20000040        0x0 obj/main.o

.bss            0x20000040      0x1a8
                0x20000040                        __bss_start__ = .
 *(.shbss)
 *(.bss)
 .bss           0x20000040        0x0 obj/main.o
 .bss           0x20000040        0x0 obj/system.o
 .bss           0x20000040        0x0 obj/ti_msp_dl_config.o
 .bss           0x20000040        0x0 obj/ad7291_emulation.o
 .bss           0x20000040        0x0 obj/sc16is740_emulation.o
 .bss           0x20000040        0x0 obj/eeprom_emulation_type_b.o
 .bss           0x20000040        0x0 obj/i2c_tar_driver.o
 .bss           0x20000040        0x0 obj/startup_mspm0l110x_gcc.o
 .bss           0x20000040        0x0 C:\DEV\vhd_mounts\ti\mspm0_sdk_2_10_00_04/source/ti/driverlib/lib/gcc/m0p/mspm0l11xx_l13xx\driverlib.a(dl_adc12.o)
 .bss           0x20000040        0x0 C:\DEV\vhd_mounts\ti\mspm0_sdk_2_10_00_04/source/ti/driverlib/lib/gcc/m0p/mspm0l11xx_l13xx\driverlib.a(dl_common.o)
 .bss           0x20000040        0x0 C:\DEV\vhd_mounts\ti\mspm0_sdk_2_10_00_04/source/ti/driverlib/lib/gcc/m0p/mspm0l11xx_l13xx\driverlib.a(dl_flashctl.o)
 .bss           0x20000040        0x0 C:\DEV\vhd_mounts\ti\mspm0_sdk_2_10_00_04/source/ti/driverlib/lib/gcc/m0p/mspm0l11xx_l13xx\driverlib.a(dl_i2c.o)
 .bss           0x20000040        0x0 C:\DEV\vhd_mounts\ti\mspm0_sdk_2_10_00_04/source/ti/driverlib/lib/gcc/m0p/mspm0l11xx_l13xx\driverlib.a(dl_spi.o)
 .bss           0x20000040        0x0 C:\DEV\vhd_mounts\ti\mspm0_sdk_2_10_00_04/source/ti/driverlib/lib/gcc/m0p/mspm0l11xx_l13xx\driverlib.a(dl_timer.o)
 .bss           0x20000040        0x0 C:\DEV\vhd_mounts\ti\mspm0_sdk_2_10_00_04/source/ti/driverlib/lib/gcc/m0p/mspm0l11xx_l13xx\driverlib.a(dl_uart.o)
 .bss           0x20000040        0x0 C:/DEV/arm_gnu_toolchains/15.2.rel1/bin/../lib/gcc/arm-none-eabi/15.2.1/thumb/v6-m/nofp\libgcc.a(_udivsi3.o)
 .bss           0x20000040        0x0 C:/DEV/arm_gnu_toolchains/15.2.rel1/bin/../lib/gcc/arm-none-eabi/15.2.1/thumb/v6-m/nofp\libgcc.a(_divsi3.o)
 .bss           0x20000040        0x0 C:/DEV/arm_gnu_toolchains/15.2.rel1/bin/../lib/gcc/arm-none-eabi/15.2.1/thumb/v6-m/nofp\libgcc.a(_dvmd_tls.o)
 .bss           0x20000040        0x0 C:\DEV\arm_gnu_toolchains\15.2.rel1/arm-none-eabi/lib/thumb/v6-m/nofp\libc_nano.a(libc_a-memset.o)
 .bss           0x20000040        0x0 C:\DEV\arm_gnu_toolchains\15.2.rel1/arm-none-eabi/lib/thumb/v6-m/nofp\libc_nano.a(libc_a-init.o)
 .bss           0x20000040        0x0 C:\DEV\arm_gnu_toolchains\15.2.rel1/arm-none-eabi/lib/thumb/v6-m/nofp\libc_nano.a(libc_a-memcpy-stub.o)
 *(.bss.*)
 .bss.System_pendingEvents
                0x20000040        0x4 obj/system.o
                0x20000040                System_pendingEvents
 .bss.tar_i2c_txbuf
                0x20000044       0x80 obj/system.o
                0x20000044                tar_i2c_txbuf
 .bss.tar_i2c_rxbuf
                0x200000c4       0x80 obj/system.o
                0x200000c4                tar_i2c_rxbuf
 .bss.ad7291_i2c_tar_driver_handle
                0x20000144        0x4 obj/ad7291_emulation.o
                0x20000144                ad7291_i2c_tar_driver_handle
 .bss.ad7291_nextChannel
                0x20000148        0x1 obj/ad7291_emulation.o
                0x20000148                ad7291_nextChannel
 .bss.ad7291_regFilePtr
                0x20000149        0x1 obj/ad7291_emulation.o
                0x20000149                ad7291_regFilePtr
 *fill*         0x2000014a        0x2 
 .bss.ad7291_regFile
                0x2000014c       0x42 obj/ad7291_emulation.o
                0x2000014c                ad7291_regFile
 .bss.sc16is740_spr
                0x2000018e        0x1 obj/sc16is740_emulation.o
 .bss.sc16is740_mcr
                0x2000018f        0x1 obj/sc16is740_emulation.o
 .bss.sc16is740_lcr
                0x20000190        0x1 obj/sc16is740_emulation.o
 .bss.sc16is740_ier
                0x20000191        0x1 obj/sc16is740_emulation.o
 *fill*         0x20000192        0x2 
 .bss.sc16is740_i2c_handle
                0x20000194        0x4 obj/sc16is740_emulation.o
 .bss.sc16is740_regFilePtr
                0x20000198        0x1 obj/sc16is740_emulation.o
 *fill*         0x20000199        0x3 
 .bss.uart_rx_tail
                0x2000019c        0x4 obj/sc16is740_emulation.o
 .bss.uart_rx_head
                0x200001a0        0x4 obj/sc16is740_emulation.o
 .bss.uart_rx_buf
                0x200001a4       0x40 obj/sc16is740_emulation.o
 *(COMMON)
                0x200001e8                        . = ALIGN (0x8)
 *fill*         0x200001e4        0x4 
                0x200001e8                        __bss_end__ = .

.noinit         0x200001e8        0x0
 *(*.noinit*)
                0x200001e8                        . = ALIGN (0x8)

.heap           0x200001e8        0x0
                0x200001e8                        __heap_start__ = .
                0x200001e8                        end = __heap_start__
                0x200001e8                        _end = end
                0x200001e8                        __end = end
 *(.heap)
                0x200001e8                        __heap_end__ = .
                0x200001e8                        __HeapLimit = __heap_end__

.stack          0x200001e8        0x0
                0x200001e8                        _stack = .
 *(.stack)

.BCRConfig
 *(.BCRConfig)

.BSLConfig
 *(.BSLConfig)
                0x20001000                        __StackTop = (ORIGIN (REGION_STACK) + LENGTH (REGION_STACK))
                [!provide]                        PROVIDE (__stack = __StackTop)
LOAD C:\DEV\vhd_mounts\ti\mspm0_sdk_2_10_00_04/source/ti/driverlib/lib/gcc/m0p/mspm0l11xx_l13xx\driverlib.a
LOAD C:/DEV/arm_gnu_toolchains/15.2.rel1/bin/../lib/gcc/arm-none-eabi/15.2.1/thumb/v6-m/nofp\libgcc.a
LOAD C:\DEV\arm_gnu_toolchains\15.2.rel1/arm-none-eabi/lib/thumb/v6-m/nofp\libc_nano.a
LOAD C:\DEV\arm_gnu_toolchains\15.2.rel1/arm-none-eabi/lib/thumb/v6-m/nofp\libm.a
LOAD C:\DEV\arm_gnu_toolchains\15.2.rel1/arm-none-eabi/lib/thumb/v6-m/nofp\libnosys.a
START GROUP
LOAD C:/DEV/arm_gnu_toolchains/15.2.rel1/bin/../lib/gcc/arm-none-eabi/15.2.1/thumb/v6-m/nofp\libgcc.a
LOAD C:\DEV\arm_gnu_toolchains\15.2.rel1/arm-none-eabi/lib/thumb/v6-m/nofp\libc_nano.a
END GROUP
START GROUP
LOAD C:/DEV/arm_gnu_toolchains/15.2.rel1/bin/../lib/gcc/arm-none-eabi/15.2.1/thumb/v6-m/nofp\libgcc.a
LOAD C:\DEV\arm_gnu_toolchains\15.2.rel1/arm-none-eabi/lib/thumb/v6-m/nofp\libc_nano.a
END GROUP
OUTPUT(i2c_uart_expander.out elf32-littlearm)
LOAD linker stubs

.debug_info     0x00000000    0x44568
 .debug_info    0x00000000     0x39b0 obj/main.o
 .debug_info    0x000039b0     0x4216 obj/system.o
 .debug_info    0x00007bc6     0x59ec obj/ti_msp_dl_config.o
 .debug_info    0x0000d5b2     0x41e1 obj/ad7291_emulation.o
 .debug_info    0x00011793     0x4058 obj/sc16is740_emulation.o
 .debug_info    0x000157eb     0x4307 obj/eeprom_emulation_type_b.o
 .debug_info    0x00019af2     0x41ab obj/i2c_tar_driver.o
 .debug_info    0x0001dc9d      0x1e5 obj/startup_mspm0l110x_gcc.o
 .debug_info    0x0001de82     0x48d8 C:\DEV\vhd_mounts\ti\mspm0_sdk_2_10_00_04/source/ti/driverlib/lib/gcc/m0p/mspm0l11xx_l13xx\driverlib.a(dl_adc12.o)
 .debug_info    0x0002275a     0x3dcc C:\DEV\vhd_mounts\ti\mspm0_sdk_2_10_00_04/source/ti/driverlib/lib/gcc/m0p/mspm0l11xx_l13xx\driverlib.a(dl_common.o)
 .debug_info    0x00026526     0x8638 C:\DEV\vhd_mounts\ti\mspm0_sdk_2_10_00_04/source/ti/driverlib/lib/gcc/m0p/mspm0l11xx_l13xx\driverlib.a(dl_flashctl.o)
 .debug_info    0x0002eb5e     0x472f C:\DEV\vhd_mounts\ti\mspm0_sdk_2_10_00_04/source/ti/driverlib/lib/gcc/m0p/mspm0l11xx_l13xx\driverlib.a(dl_i2c.o)
 .debug_info    0x0003328d     0x4e3c C:\DEV\vhd_mounts\ti\mspm0_sdk_2_10_00_04/source/ti/driverlib/lib/gcc/m0p/mspm0l11xx_l13xx\driverlib.a(dl_spi.o)
 .debug_info    0x000380c9     0x75e3 C:\DEV\vhd_mounts\ti\mspm0_sdk_2_10_00_04/source/ti/driverlib/lib/gcc/m0p/mspm0l11xx_l13xx\driverlib.a(dl_timer.o)
 .debug_info    0x0003f6ac     0x4ebc C:\DEV\vhd_mounts\ti\mspm0_sdk_2_10_00_04/source/ti/driverlib/lib/gcc/m0p/mspm0l11xx_l13xx\driverlib.a(dl_uart.o)

.debug_abbrev   0x00000000     0x2d0a
 .debug_abbrev  0x00000000      0x1da obj/main.o
 .debug_abbrev  0x000001da      0x33a obj/system.o
 .debug_abbrev  0x00000514      0x355 obj/ti_msp_dl_config.o
 .debug_abbrev  0x00000869      0x38a obj/ad7291_emulation.o
 .debug_abbrev  0x00000bf3      0x2cb obj/sc16is740_emulation.o
 .debug_abbrev  0x00000ebe      0x2e4 obj/eeprom_emulation_type_b.o
 .debug_abbrev  0x000011a2      0x35f obj/i2c_tar_driver.o
 .debug_abbrev  0x00001501      0x140 obj/startup_mspm0l110x_gcc.o
 .debug_abbrev  0x00001641      0x302 C:\DEV\vhd_mounts\ti\mspm0_sdk_2_10_00_04/source/ti/driverlib/lib/gcc/m0p/mspm0l11xx_l13xx\driverlib.a(dl_adc12.o)
 .debug_abbrev  0x00001943      0x148 C:\DEV\vhd_mounts\ti\mspm0_sdk_2_10_00_04/source/ti/driverlib/lib/gcc/m0p/mspm0l11xx_l13xx\driverlib.a(dl_common.o)
 .debug_abbrev  0x00001a8b      0x46a C:\DEV\vhd_mounts\ti\mspm0_sdk_2_10_00_04/source/ti/driverlib/lib/gcc/m0p/mspm0l11xx_l13xx\driverlib.a(dl_flashctl.o)
 .debug_abbrev  0x00001ef5      0x2f3 C:\DEV\vhd_mounts\ti\mspm0_sdk_2_10_00_04/source/ti/driverlib/lib/gcc/m0p/mspm0l11xx_l13xx\driverlib.a(dl_i2c.o)
 .debug_abbrev  0x000021e8      0x3a1 C:\DEV\vhd_mounts\ti\mspm0_sdk_2_10_00_04/source/ti/driverlib/lib/gcc/m0p/mspm0l11xx_l13xx\driverlib.a(dl_spi.o)
 .debug_abbrev  0x00002589      0x3df C:\DEV\vhd_mounts\ti\mspm0_sdk_2_10_00_04/source/ti/driverlib/lib/gcc/m0p/mspm0l11xx_l13xx\driverlib.a(dl_timer.o)
 .debug_abbrev  0x00002968      0x3a2 C:\DEV\vhd_mounts\ti\mspm0_sdk_2_10_00_04/source/ti/driverlib/lib/gcc/m0p/mspm0l11xx_l13xx\driverlib.a(dl_uart.o)

.debug_loclists
                0x00000000     0x170a
 .debug_loclists
                0x00000000       0x24 obj/main.o
 .debug_loclists
                0x00000024       0xfc obj/system.o
 .debug_loclists
                0x00000120      0x505 obj/ti_msp_dl_config.o
 .debug_loclists
                0x00000625      0x2a1 obj/ad7291_emulation.o
 .debug_loclists
                0x000008c6      0x1ba obj/sc16is740_emulation.o
 .debug_loclists
                0x00000a80      0xa44 obj/eeprom_emulation_type_b.o
 .debug_loclists
                0x000014c4      0x246 obj/i2c_tar_driver.o

.debug_aranges  0x00000000      0x810
 .debug_aranges
                0x00000000       0x20 obj/main.o
 .debug_aranges
                0x00000020       0x38 obj/system.o
 .debug_aranges
                0x00000058       0x70 obj/ti_msp_dl_config.o
 .debug_aranges
                0x000000c8       0x30 obj/ad7291_emulation.o
 .debug_aranges
                0x000000f8       0x38 obj/sc16is740_emulation.o
 .debug_aranges
                0x00000130       0x68 obj/eeprom_emulation_type_b.o
 .debug_aranges
                0x00000198       0x40 obj/i2c_tar_driver.o
 .debug_aranges
                0x000001d8       0x30 obj/startup_mspm0l110x_gcc.o
 .debug_aranges
                0x00000208       0x28 C:\DEV\vhd_mounts\ti\mspm0_sdk_2_10_00_04/source/ti/driverlib/lib/gcc/m0p/mspm0l11xx_l13xx\driverlib.a(dl_adc12.o)
 .debug_aranges
                0x00000230       0x20 C:\DEV\vhd_mounts\ti\mspm0_sdk_2_10_00_04/source/ti/driverlib/lib/gcc/m0p/mspm0l11xx_l13xx\driverlib.a(dl_common.o)
 .debug_aranges
                0x00000250      0x270 C:\DEV\vhd_mounts\ti\mspm0_sdk_2_10_00_04/source/ti/driverlib/lib/gcc/m0p/mspm0l11xx_l13xx\driverlib.a(dl_flashctl.o)
 .debug_aranges
                0x000004c0       0x78 C:\DEV\vhd_mounts\ti\mspm0_sdk_2_10_00_04/source/ti/driverlib/lib/gcc/m0p/mspm0l11xx_l13xx\driverlib.a(dl_i2c.o)
 .debug_aranges
                0x00000538       0xd0 C:\DEV\vhd_mounts\ti\mspm0_sdk_2_10_00_04/source/ti/driverlib/lib/gcc/m0p/mspm0l11xx_l13xx\driverlib.a(dl_spi.o)
 .debug_aranges
                0x00000608      0x170 C:\DEV\vhd_mounts\ti\mspm0_sdk_2_10_00_04/source/ti/driverlib/lib/gcc/m0p/mspm0l11xx_l13xx\driverlib.a(dl_timer.o)
 .debug_aranges
                0x00000778       0x98 C:\DEV\vhd_mounts\ti\mspm0_sdk_2_10_00_04/source/ti/driverlib/lib/gcc/m0p/mspm0l11xx_l13xx\driverlib.a(dl_uart.o)

.debug_rnglists
                0x00000000      0x4a8
 .debug_rnglists
                0x00000000       0x1f obj/main.o
 .debug_rnglists
                0x0000001f       0x6b obj/system.o
 .debug_rnglists
                0x0000008a      0x16a obj/ti_msp_dl_config.o
 .debug_rnglists
                0x000001f4       0xb3 obj/ad7291_emulation.o
 .debug_rnglists
                0x000002a7       0x92 obj/sc16is740_emulation.o
 .debug_rnglists
                0x00000339       0x58 obj/eeprom_emulation_type_b.o
 .debug_rnglists
                0x00000391       0xf8 obj/i2c_tar_driver.o
 .debug_rnglists
                0x00000489       0x1f obj/startup_mspm0l110x_gcc.o

.debug_line     0x00000000     0xc0a1
 .debug_line    0x00000000      0x3f3 obj/main.o
 .debug_line    0x000003f3      0x693 obj/system.o
 .debug_line    0x00000a86      0xb71 obj/ti_msp_dl_config.o
 .debug_line    0x000015f7      0x7c8 obj/ad7291_emulation.o
 .debug_line    0x00001dbf      0x726 obj/sc16is740_emulation.o
 .debug_line    0x000024e5      0xb7e obj/eeprom_emulation_type_b.o
 .debug_line    0x00003063      0x91a obj/i2c_tar_driver.o
 .debug_line    0x0000397d      0x1d2 obj/startup_mspm0l110x_gcc.o
 .debug_line    0x00003b4f      0x588 C:\DEV\vhd_mounts\ti\mspm0_sdk_2_10_00_04/source/ti/driverlib/lib/gcc/m0p/mspm0l11xx_l13xx\driverlib.a(dl_adc12.o)
 .debug_line    0x000040d7      0x3d7 C:\DEV\vhd_mounts\ti\mspm0_sdk_2_10_00_04/source/ti/driverlib/lib/gcc/m0p/mspm0l11xx_l13xx\driverlib.a(dl_common.o)
 .debug_line    0x000044ae     0x3307 C:\DEV\vhd_mounts\ti\mspm0_sdk_2_10_00_04/source/ti/driverlib/lib/gcc/m0p/mspm0l11xx_l13xx\driverlib.a(dl_flashctl.o)
 .debug_line    0x000077b5      0xa5e C:\DEV\vhd_mounts\ti\mspm0_sdk_2_10_00_04/source/ti/driverlib/lib/gcc/m0p/mspm0l11xx_l13xx\driverlib.a(dl_i2c.o)
 .debug_line    0x00008213     0x102d C:\DEV\vhd_mounts\ti\mspm0_sdk_2_10_00_04/source/ti/driverlib/lib/gcc/m0p/mspm0l11xx_l13xx\driverlib.a(dl_spi.o)
 .debug_line    0x00009240     0x1fcf C:\DEV\vhd_mounts\ti\mspm0_sdk_2_10_00_04/source/ti/driverlib/lib/gcc/m0p/mspm0l11xx_l13xx\driverlib.a(dl_timer.o)
 .debug_line    0x0000b20f      0xe92 C:\DEV\vhd_mounts\ti\mspm0_sdk_2_10_00_04/source/ti/driverlib/lib/gcc/m0p/mspm0l11xx_l13xx\driverlib.a(dl_uart.o)

.debug_str      0x00000000     0x8cbd
 .debug_str     0x00000000     0x8cbd obj/main.o
                               0x11fa (size before relaxing)
 .debug_str     0x00008cbd        0x0 obj/system.o
                               0x1980 (size before relaxing)
 .debug_str     0x00008cbd        0x0 obj/ti_msp_dl_config.o
                               0x37aa (size before relaxing)
 .debug_str     0x00008cbd        0x0 obj/ad7291_emulation.o
                               0x1950 (size before relaxing)
 .debug_str     0x00008cbd        0x0 obj/sc16is740_emulation.o
                               0x186a (size before relaxing)
 .debug_str     0x00008cbd        0x0 obj/eeprom_emulation_type_b.o
                               0x17ce (size before relaxing)
 .debug_str     0x00008cbd        0x0 obj/i2c_tar_driver.o
                               0x1958 (size before relaxing)
 .debug_str     0x00008cbd        0x0 obj/startup_mspm0l110x_gcc.o
                                0x2d7 (size before relaxing)
 .debug_str     0x00008cbd        0x0 C:\DEV\vhd_mounts\ti\mspm0_sdk_2_10_00_04/source/ti/driverlib/lib/gcc/m0p/mspm0l11xx_l13xx\driverlib.a(dl_adc12.o)
                               0x197e (size before relaxing)
 .debug_str     0x00008cbd        0x0 C:\DEV\vhd_mounts\ti\mspm0_sdk_2_10_00_04/source/ti/driverlib/lib/gcc/m0p/mspm0l11xx_l13xx\driverlib.a(dl_common.o)
                               0x12c9 (size before relaxing)
 .debug_str     0x00008cbd        0x0 C:\DEV\vhd_mounts\ti\mspm0_sdk_2_10_00_04/source/ti/driverlib/lib/gcc/m0p/mspm0l11xx_l13xx\driverlib.a(dl_flashctl.o)
                               0x24c4 (size before relaxing)
 .debug_str     0x00008cbd        0x0 C:\DEV\vhd_mounts\ti\mspm0_sdk_2_10_00_04/source/ti/driverlib/lib/gcc/m0p/mspm0l11xx_l13xx\driverlib.a(dl_i2c.o)
                               0x1782 (size before relaxing)
 .debug_str     0x00008cbd        0x0 C:\DEV\vhd_mounts\ti\mspm0_sdk_2_10_00_04/source/ti/driverlib/lib/gcc/m0p/mspm0l11xx_l13xx\driverlib.a(dl_spi.o)
                               0x1c01 (size before relaxing)
 .debug_str     0x00008cbd        0x0 C:\DEV\vhd_mounts\ti\mspm0_sdk_2_10_00_04/source/ti/driverlib/lib/gcc/m0p/mspm0l11xx_l13xx\driverlib.a(dl_timer.o)
                               0x2d82 (size before relaxing)
 .debug_str     0x00008cbd        0x0 C:\DEV\vhd_mounts\ti\mspm0_sdk_2_10_00_04/source/ti/driverlib/lib/gcc/m0p/mspm0l11xx_l13xx\driverlib.a(dl_uart.o)
                               0x1c4c (size before relaxing)

.comment        0x00000000       0xbe
 .comment       0x00000000       0xbe obj/main.o
                                 0x46 (size before relaxing)
 .comment       0x000000be        0x0 obj/system.o
                                 0x46 (size before relaxing)
 .comment       0x000000be        0x0 obj/ti_msp_dl_config.o
                                 0x46 (size before relaxing)
 .comment       0x000000be        0x0 obj/ad7291_emulation.o
                                 0x46 (size before relaxing)
 .comment       0x000000be        0x0 obj/sc16is740_emulation.o
                                 0x46 (size before relaxing)
 .comment       0x000000be        0x0 obj/eeprom_emulation_type_b.o
                                 0x46 (size before relaxing)
 .comment       0x000000be        0x0 obj/i2c_tar_driver.o
                                 0x46 (size before relaxing)
 .comment       0x000000be        0x0 obj/startup_mspm0l110x_gcc.o
                                 0x46 (size before relaxing)
 .comment       0x000000be        0x0 C:\DEV\vhd_mounts\ti\mspm0_sdk_2_10_00_04/source/ti/driverlib/lib/gcc/m0p/mspm0l11xx_l13xx\driverlib.a(dl_adc12.o)
                                 0x7a (size before relaxing)
 .comment       0x000000be        0x0 C:\DEV\vhd_mounts\ti\mspm0_sdk_2_10_00_04/source/ti/driverlib/lib/gcc/m0p/mspm0l11xx_l13xx\driverlib.a(dl_common.o)
                                 0x7a (size before relaxing)
 .comment       0x000000be        0x0 C:\DEV\vhd_mounts\ti\mspm0_sdk_2_10_00_04/source/ti/driverlib/lib/gcc/m0p/mspm0l11xx_l13xx\driverlib.a(dl_flashctl.o)
                                 0x7a (size before relaxing)
 .comment       0x000000be        0x0 C:\DEV\vhd_mounts\ti\mspm0_sdk_2_10_00_04/source/ti/driverlib/lib/gcc/m0p/mspm0l11xx_l13xx\driverlib.a(dl_i2c.o)
                                 0x7a (size before relaxing)
 .comment       0x000000be        0x0 C:\DEV\vhd_mounts\ti\mspm0_sdk_2_10_00_04/source/ti/driverlib/lib/gcc/m0p/mspm0l11xx_l13xx\driverlib.a(dl_spi.o)
                                 0x7a (size before relaxing)
 .comment       0x000000be        0x0 C:\DEV\vhd_mounts\ti\mspm0_sdk_2_10_00_04/source/ti/driverlib/lib/gcc/m0p/mspm0l11xx_l13xx\driverlib.a(dl_timer.o)
                                 0x7a (size before relaxing)
 .comment       0x000000be        0x0 C:\DEV\vhd_mounts\ti\mspm0_sdk_2_10_00_04/source/ti/driverlib/lib/gcc/m0p/mspm0l11xx_l13xx\driverlib.a(dl_uart.o)
                                 0x7a (size before relaxing)

.ARM.attributes
                0x00000000       0x2c
 .ARM.attributes
                0x00000000       0x2c obj/main.o
 .ARM.attributes
                0x0000002c       0x2c obj/system.o
 .ARM.attributes
                0x00000058       0x2c obj/ti_msp_dl_config.o
 .ARM.attributes
                0x00000084       0x2c obj/ad7291_emulation.o
 .ARM.attributes
                0x000000b0       0x2c obj/sc16is740_emulation.o
 .ARM.attributes
                0x000000dc       0x2c obj/eeprom_emulation_type_b.o
 .ARM.attributes
                0x00000108       0x2c obj/i2c_tar_driver.o
 .ARM.attributes
                0x00000134       0x2c obj/startup_mspm0l110x_gcc.o
 .ARM.attributes
                0x00000160       0x2b C:\DEV\vhd_mounts\ti\mspm0_sdk_2_10_00_04/source/ti/driverlib/lib/gcc/m0p/mspm0l11xx_l13xx\driverlib.a(dl_adc12.o)
 .ARM.attributes
                0x0000018b       0x2b C:\DEV\vhd_mounts\ti\mspm0_sdk_2_10_00_04/source/ti/driverlib/lib/gcc/m0p/mspm0l11xx_l13xx\driverlib.a(dl_common.o)
 .ARM.attributes
                0x000001b6       0x2b C:\DEV\vhd_mounts\ti\mspm0_sdk_2_10_00_04/source/ti/driverlib/lib/gcc/m0p/mspm0l11xx_l13xx\driverlib.a(dl_flashctl.o)
 .ARM.attributes
                0x000001e1       0x2b C:\DEV\vhd_mounts\ti\mspm0_sdk_2_10_00_04/source/ti/driverlib/lib/gcc/m0p/mspm0l11xx_l13xx\driverlib.a(dl_i2c.o)
 .ARM.attributes
                0x0000020c       0x2b C:\DEV\vhd_mounts\ti\mspm0_sdk_2_10_00_04/source/ti/driverlib/lib/gcc/m0p/mspm0l11xx_l13xx\driverlib.a(dl_spi.o)
 .ARM.attributes
                0x00000237       0x2b C:\DEV\vhd_mounts\ti\mspm0_sdk_2_10_00_04/source/ti/driverlib/lib/gcc/m0p/mspm0l11xx_l13xx\driverlib.a(dl_timer.o)
 .ARM.attributes
                0x00000262       0x2b C:\DEV\vhd_mounts\ti\mspm0_sdk_2_10_00_04/source/ti/driverlib/lib/gcc/m0p/mspm0l11xx_l13xx\driverlib.a(dl_uart.o)
 .ARM.attributes
                0x0000028d       0x1e C:/DEV/arm_gnu_toolchains/15.2.rel1/bin/../lib/gcc/arm-none-eabi/15.2.1/thumb/v6-m/nofp\libgcc.a(_udivsi3.o)
 .ARM.attributes
                0x000002ab       0x1e C:/DEV/arm_gnu_toolchains/15.2.rel1/bin/../lib/gcc/arm-none-eabi/15.2.1/thumb/v6-m/nofp\libgcc.a(_divsi3.o)
 .ARM.attributes
                0x000002c9       0x1e C:/DEV/arm_gnu_toolchains/15.2.rel1/bin/../lib/gcc/arm-none-eabi/15.2.1/thumb/v6-m/nofp\libgcc.a(_dvmd_tls.o)
 .ARM.attributes
                0x000002e7       0x2c C:\DEV\arm_gnu_toolchains\15.2.rel1/arm-none-eabi/lib/thumb/v6-m/nofp\libc_nano.a(libc_a-memset.o)
 .ARM.attributes
                0x00000313       0x2c C:\DEV\arm_gnu_toolchains\15.2.rel1/arm-none-eabi/lib/thumb/v6-m/nofp\libc_nano.a(libc_a-init.o)
 .ARM.attributes
                0x0000033f       0x2c C:\DEV\arm_gnu_toolchains\15.2.rel1/arm-none-eabi/lib/thumb/v6-m/nofp\libc_nano.a(libc_a-memcpy-stub.o)

.debug_frame    0x00000000     0x1604
 .debug_frame   0x00000000       0x30 obj/main.o
 .debug_frame   0x00000030       0x60 obj/system.o
 .debug_frame   0x00000090      0x100 obj/ti_msp_dl_config.o
 .debug_frame   0x00000190       0x78 obj/ad7291_emulation.o
 .debug_frame   0x00000208       0x84 obj/sc16is740_emulation.o
 .debug_frame   0x0000028c      0x138 obj/eeprom_emulation_type_b.o
 .debug_frame   0x000003c4       0x70 obj/i2c_tar_driver.o
 .debug_frame   0x00000434       0x48 obj/startup_mspm0l110x_gcc.o
 .debug_frame   0x0000047c       0x44 C:\DEV\vhd_mounts\ti\mspm0_sdk_2_10_00_04/source/ti/driverlib/lib/gcc/m0p/mspm0l11xx_l13xx\driverlib.a(dl_adc12.o)
 .debug_frame   0x000004c0       0x20 C:\DEV\vhd_mounts\ti\mspm0_sdk_2_10_00_04/source/ti/driverlib/lib/gcc/m0p/mspm0l11xx_l13xx\driverlib.a(dl_common.o)
 .debug_frame   0x000004e0      0x818 C:\DEV\vhd_mounts\ti\mspm0_sdk_2_10_00_04/source/ti/driverlib/lib/gcc/m0p/mspm0l11xx_l13xx\driverlib.a(dl_flashctl.o)
 .debug_frame   0x00000cf8      0x124 C:\DEV\vhd_mounts\ti\mspm0_sdk_2_10_00_04/source/ti/driverlib/lib/gcc/m0p/mspm0l11xx_l13xx\driverlib.a(dl_i2c.o)
 .debug_frame   0x00000e1c      0x220 C:\DEV\vhd_mounts\ti\mspm0_sdk_2_10_00_04/source/ti/driverlib/lib/gcc/m0p/mspm0l11xx_l13xx\driverlib.a(dl_spi.o)
 .debug_frame   0x0000103c      0x370 C:\DEV\vhd_mounts\ti\mspm0_sdk_2_10_00_04/source/ti/driverlib/lib/gcc/m0p/mspm0l11xx_l13xx\driverlib.a(dl_timer.o)
 .debug_frame   0x000013ac      0x1a4 C:\DEV\vhd_mounts\ti\mspm0_sdk_2_10_00_04/source/ti/driverlib/lib/gcc/m0p/mspm0l11xx_l13xx\driverlib.a(dl_uart.o)
 .debug_frame   0x00001550       0x20 C:/DEV/arm_gnu_toolchains/15.2.rel1/bin/../lib/gcc/arm-none-eabi/15.2.1/thumb/v6-m/nofp\libgcc.a(_udivsi3.o)
 .debug_frame   0x00001570       0x20 C:/DEV/arm_gnu_toolchains/15.2.rel1/bin/../lib/gcc/arm-none-eabi/15.2.1/thumb/v6-m/nofp\libgcc.a(_divsi3.o)
 .debug_frame   0x00001590       0x20 C:\DEV\arm_gnu_toolchains\15.2.rel1/arm-none-eabi/lib/thumb/v6-m/nofp\libc_nano.a(libc_a-memset.o)
 .debug_frame   0x000015b0       0x2c C:\DEV\arm_gnu_toolchains\15.2.rel1/arm-none-eabi/lib/thumb/v6-m/nofp\libc_nano.a(libc_a-init.o)
 .debug_frame   0x000015dc       0x28 C:\DEV\arm_gnu_toolchains\15.2.rel1/arm-none-eabi/lib/thumb/v6-m/nofp\libc_nano.a(libc_a-memcpy-stub.o)

.debug_loc      0x00000000     0x90c1
 .debug_loc     0x00000000      0x134 C:\DEV\vhd_mounts\ti\mspm0_sdk_2_10_00_04/source/ti/driverlib/lib/gcc/m0p/mspm0l11xx_l13xx\driverlib.a(dl_adc12.o)
 .debug_loc     0x00000134     0x481a C:\DEV\vhd_mounts\ti\mspm0_sdk_2_10_00_04/source/ti/driverlib/lib/gcc/m0p/mspm0l11xx_l13xx\driverlib.a(dl_flashctl.o)
 .debug_loc     0x0000494e      0x473 C:\DEV\vhd_mounts\ti\mspm0_sdk_2_10_00_04/source/ti/driverlib/lib/gcc/m0p/mspm0l11xx_l13xx\driverlib.a(dl_i2c.o)
 .debug_loc     0x00004dc1      0x869 C:\DEV\vhd_mounts\ti\mspm0_sdk_2_10_00_04/source/ti/driverlib/lib/gcc/m0p/mspm0l11xx_l13xx\driverlib.a(dl_spi.o)
 .debug_loc     0x0000562a     0x2fc0 C:\DEV\vhd_mounts\ti\mspm0_sdk_2_10_00_04/source/ti/driverlib/lib/gcc/m0p/mspm0l11xx_l13xx\driverlib.a(dl_timer.o)
 .debug_loc     0x000085ea      0xad7 C:\DEV\vhd_mounts\ti\mspm0_sdk_2_10_00_04/source/ti/driverlib/lib/gcc/m0p/mspm0l11xx_l13xx\driverlib.a(dl_uart.o)

.debug_ranges   0x00000000     0x2c00
 .debug_ranges  0x00000000       0x40 C:\DEV\vhd_mounts\ti\mspm0_sdk_2_10_00_04/source/ti/driverlib/lib/gcc/m0p/mspm0l11xx_l13xx\driverlib.a(dl_adc12.o)
 .debug_ranges  0x00000040       0x10 C:\DEV\vhd_mounts\ti\mspm0_sdk_2_10_00_04/source/ti/driverlib/lib/gcc/m0p/mspm0l11xx_l13xx\driverlib.a(dl_common.o)
 .debug_ranges  0x00000050     0x17c0 C:\DEV\vhd_mounts\ti\mspm0_sdk_2_10_00_04/source/ti/driverlib/lib/gcc/m0p/mspm0l11xx_l13xx\driverlib.a(dl_flashctl.o)
 .debug_ranges  0x00001810      0x318 C:\DEV\vhd_mounts\ti\mspm0_sdk_2_10_00_04/source/ti/driverlib/lib/gcc/m0p/mspm0l11xx_l13xx\driverlib.a(dl_i2c.o)
 .debug_ranges  0x00001b28      0x4f8 C:\DEV\vhd_mounts\ti\mspm0_sdk_2_10_00_04/source/ti/driverlib/lib/gcc/m0p/mspm0l11xx_l13xx\driverlib.a(dl_spi.o)
 .debug_ranges  0x00002020      0x850 C:\DEV\vhd_mounts\ti\mspm0_sdk_2_10_00_04/source/ti/driverlib/lib/gcc/m0p/mspm0l11xx_l13xx\driverlib.a(dl_timer.o)
 .debug_ranges  0x00002870      0x390 C:\DEV\vhd_mounts\ti\mspm0_sdk_2_10_00_04/source/ti/driverlib/lib/gcc/m0p/mspm0l11xx_l13xx\driverlib.a(dl_uart.o)

.debug_line_str
                0x00000000       0xc9
 .debug_line_str
                0x00000000       0xc9 C:/DEV/arm_gnu_toolchains/15.2.rel1/bin/../lib/gcc/arm-none-eabi/15.2.1/thumb/v6-m/nofp\libgcc.a(_udivsi3.o)
 .debug_line_str
                0x000000c9        0x0 C:/DEV/arm_gnu_toolchains/15.2.rel1/bin/../lib/gcc/arm-none-eabi/15.2.1/thumb/v6-m/nofp\libgcc.a(_divsi3.o)
                                 0xc9 (size before relaxing)
 .debug_line_str
                0x000000c9        0x0 C:/DEV/arm_gnu_toolchains/15.2.rel1/bin/../lib/gcc/arm-none-eabi/15.2.1/thumb/v6-m/nofp\libgcc.a(_dvmd_tls.o)
                                 0xc9 (size before relaxing)
